Archive member included because of file (symbol)

lib/lib.a(ctype.o)            kernel/kernel.o (_ctype)
lib/lib.a(_exit.o)            init/main.o (_exit)
lib/lib.a(open.o)             init/main.o (open)
lib/lib.a(close.o)            init/main.o (close)
lib/lib.a(errno.o)            init/main.o (errno)
lib/lib.a(write.o)            init/main.o (write)
lib/lib.a(dup.o)              init/main.o (dup)
lib/lib.a(setsid.o)           init/main.o (setsid)
lib/lib.a(execve.o)           init/main.o (execve)
lib/lib.a(wait.o)             init/main.o (wait)
lib/lib.a(string.o)           kernel/kernel.o (memcpy)

Allocating common symbols
Common symbol       size              file

errno               0x4               lib/lib.a(errno.o)
hash_table          0x4cc             fs/fs.o
___strtok           0x4               lib/lib.a(string.o)
user_stack          0x1000            kernel/kernel.o
_ctmp               0x1               lib/lib.a(ctype.o)
super_block         0x340             fs/fs.o
file_table          0x400             fs/fs.o

Discarded input sections

 .note.GNU-stack
                0x0000000000000000        0x0 init/main.o
 .note.GNU-stack
                0x0000000000000000        0x0 kernel/kernel.o
 .note.GNU-stack
                0x0000000000000000        0x0 mm/mm.o
 .note.GNU-stack
                0x0000000000000000        0x0 fs/fs.o
 .note.GNU-stack
                0x0000000000000000        0x0 lib/lib.a(ctype.o)
 .note.GNU-stack
                0x0000000000000000        0x0 lib/lib.a(_exit.o)
 .note.GNU-stack
                0x0000000000000000        0x0 lib/lib.a(open.o)
 .note.GNU-stack
                0x0000000000000000        0x0 lib/lib.a(close.o)
 .note.GNU-stack
                0x0000000000000000        0x0 lib/lib.a(errno.o)
 .note.GNU-stack
                0x0000000000000000        0x0 lib/lib.a(write.o)
 .note.GNU-stack
                0x0000000000000000        0x0 lib/lib.a(dup.o)
 .note.GNU-stack
                0x0000000000000000        0x0 lib/lib.a(setsid.o)
 .note.GNU-stack
                0x0000000000000000        0x0 lib/lib.a(execve.o)
 .note.GNU-stack
                0x0000000000000000        0x0 lib/lib.a(wait.o)
 .note.GNU-stack
                0x0000000000000000        0x0 lib/lib.a(string.o)

Memory Configuration

Name             Origin             Length             Attributes
*default*        0x0000000000000000 0xffffffffffffffff

Linker script and memory map

Address of section .text set to 0x0
LOAD boot/head.o
LOAD init/main.o
LOAD kernel/kernel.o
LOAD mm/mm.o
LOAD fs/fs.o
LOAD lib/lib.a
                0x0000000008048000                PROVIDE (__executable_start, 0x8048000)
                0x0000000008048094                . = (0x8048000 + SIZEOF_HEADERS)

.interp
 *(.interp)

.note.gnu.build-id
 *(.note.gnu.build-id)

.hash
 *(.hash)

.gnu.hash
 *(.gnu.hash)

.dynsym
 *(.dynsym)

.dynstr
 *(.dynstr)

.gnu.version
 *(.gnu.version)

.gnu.version_d
 *(.gnu.version_d)

.gnu.version_r
 *(.gnu.version_r)

.rel.dyn        0x0000000008048094        0x0
 *(.rel.init)
 *(.rel.text .rel.text.* .rel.gnu.linkonce.t.*)
 .rel.text      0x0000000000000000        0x0 boot/head.o
 *(.rel.fini)
 *(.rel.rodata .rel.rodata.* .rel.gnu.linkonce.r.*)
 *(.rel.data.rel.ro* .rel.gnu.linkonce.d.rel.ro.*)
 *(.rel.data .rel.data.* .rel.gnu.linkonce.d.*)
 .rel.data      0x0000000000000000        0x0 boot/head.o
 *(.rel.tdata .rel.tdata.* .rel.gnu.linkonce.td.*)
 *(.rel.tbss .rel.tbss.* .rel.gnu.linkonce.tb.*)
 *(.rel.ctors)
 *(.rel.dtors)
 *(.rel.got)
 *(.rel.bss .rel.bss.* .rel.gnu.linkonce.b.*)
 *(.rel.ifunc)

.rel.plt        0x0000000008048094        0x0
 *(.rel.plt)
                0x0000000008048094                PROVIDE (__rel_iplt_start, .)
 *(.rel.iplt)
 .rel.iplt      0x0000000000000000        0x0 boot/head.o
                0x0000000008048094                PROVIDE (__rel_iplt_end, .)

.init
 *(.init)

.plt            0x00000000080480a0        0x0
 *(.plt)
 *(.iplt)
 .iplt          0x0000000000000000        0x0 boot/head.o

.text           0x0000000000000000     0xf535
 *(.text.unlikely .text.*_unlikely)
 *(.text.exit .text.exit.*)
 *(.text.startup .text.startup.*)
 *(.text.hot .text.hot.*)
 *(.text .stub .text.* .gnu.linkonce.t.*)
 .text          0x0000000000000000     0x5078 boot/head.o
                0x0000000000000000                startup_32
                0x0000000000000000                pg_dir
                0x0000000000004078                idt
                0x0000000000004878                gdt
 *fill*         0x0000000000005078        0x8 90909090
 .text          0x0000000000005080      0x370 init/main.o
                0x00000000000050c1                init
                0x0000000000005232                main
 .text          0x00000000000053f0     0x4727 kernel/kernel.o
                0x00000000000053f0                sys_alarm
                0x0000000000005417                sys_getpid
                0x0000000000005423                sys_getppid
                0x000000000000542f                sys_getuid
                0x000000000000543c                sys_geteuid
                0x0000000000005449                sys_getgid
                0x0000000000005456                sys_getegid
                0x0000000000005463                sys_nice
                0x000000000000547c                sys_signal
                0x00000000000054b9                math_state_restore
                0x00000000000054f0                schedule
                0x00000000000055e1                sys_pause
                0x00000000000055f7                sleep_on
                0x0000000000005651                interruptible_sleep_on
                0x00000000000056bb                wake_up
                0x00000000000056d7                do_timer
                0x000000000000571d                sched_init
                0x0000000000005844                system_call
                0x0000000000005936                timer_interrupt
                0x000000000000596e                sys_execve
                0x000000000000597c                sys_fork
                0x0000000000005994                hd_interrupt
                0x0000000000005b41                do_double_fault
                0x0000000000005b5a                do_general_protection
                0x0000000000005b73                do_divide_error
                0x0000000000005b8c                do_int3
                0x0000000000005c44                do_nmi
                0x0000000000005c5d                do_debug
                0x0000000000005c76                do_overflow
                0x0000000000005c8f                do_bounds
                0x0000000000005ca8                do_invalid_op
                0x0000000000005cc1                do_device_not_available
                0x0000000000005cda                do_coprocessor_segment_overrun
                0x0000000000005cf3                do_invalid_TSS
                0x0000000000005d0c                do_segment_not_present
                0x0000000000005d25                do_stack_segment
                0x0000000000005d3e                do_coprocessor_error
                0x0000000000005d57                do_reserved
                0x0000000000005d70                trap_init
                0x0000000000005f2c                divide_error
                0x0000000000005f61                debug
                0x0000000000005f68                nmi
                0x0000000000005f6f                int3
                0x0000000000005f76                overflow
                0x0000000000005f7d                bounds
                0x0000000000005f84                invalid_op
                0x0000000000005f93                device_not_available
                0x0000000000005fc0                coprocessor_segment_overrun
                0x0000000000005fca                reserved
                0x0000000000005fd4                coprocessor_error
                0x0000000000005fde                double_fault
                0x0000000000006015                invalid_TSS
                0x000000000000601c                segment_not_present
                0x0000000000006023                stack_segment
                0x000000000000602a                general_protection
                0x0000000000006034                verify_area
                0x0000000000006099                copy_mem
                0x000000000000618f                copy_process
                0x000000000000641e                find_empty_process
                0x0000000000006480                panic
                0x000000000000649c                printk
                0x0000000000006726                vsprintf
                0x0000000000006a90                tty_init
                0x0000000000006aa1                tty_intr
                0x0000000000006ae6                copy_to_cooked
                0x0000000000006d66                tty_read
                0x000000000000702c                tty_write
                0x0000000000007209                do_tty_interrupt
                0x0000000000007435                csi_m
                0x0000000000007490                con_write
                0x0000000000007dfa                con_init
                0x0000000000007e83                keyboard_interrupt
                0x0000000000008658                rs1_interrupt
                0x0000000000008660                rs2_interrupt
                0x0000000000008dc9                rw_hd
                0x0000000000008e72                sys_setup
                0x0000000000008f71                unexpected_hd_interrupt
                0x0000000000008f84                hd_init
                0x0000000000008ff4                sys_ftime
                0x0000000000008ffa                sys_mknod
                0x0000000000009000                sys_break
                0x0000000000009006                sys_mount
                0x000000000000900c                sys_umount
                0x0000000000009012                sys_ustat
                0x0000000000009018                sys_ptrace
                0x000000000000901e                sys_stty
                0x0000000000009024                sys_gtty
                0x000000000000902a                sys_rename
                0x0000000000009030                sys_prof
                0x0000000000009036                sys_setgid
                0x0000000000009093                sys_acct
                0x0000000000009099                sys_phys
                0x000000000000909f                sys_lock
                0x00000000000090a5                sys_mpx
                0x00000000000090ab                sys_ulimit
                0x00000000000090b1                sys_time
                0x0000000000009104                sys_setuid
                0x000000000000915d                sys_stime
                0x00000000000091aa                sys_times
                0x0000000000009203                sys_brk
                0x0000000000009236                sys_setpgid
                0x00000000000092ab                sys_getpgrp
                0x00000000000092b7                sys_setsid
                0x000000000000930c                sys_oldolduname
                0x0000000000009324                sys_uname
                0x0000000000009371                sys_umask
                0x000000000000938f                sys_null
                0x00000000000093b1                sys_OS2019fnc
                0x00000000000093f0                release
                0x000000000000944a                do_kill
                0x00000000000096c3                sys_kill
                0x00000000000096f9                do_exit
                0x000000000000988c                sys_exit
                0x00000000000098a7                sys_waitpid
                0x0000000000009a2e                rs_init
                0x0000000000009a86                rs_write
                0x0000000000009ab0                kernel_mktime
 *fill*         0x0000000000009b17        0x1 90909090
 .text          0x0000000000009b18      0x517 mm/mm.o
                0x0000000000009b18                invalidate
                0x0000000000009b21                copy_page
                0x0000000000009b46                get_free_page
                0x0000000000009b7e                free_page
                0x0000000000009bde                free_page_tables
                0x0000000000009c8e                copy_page_tables
                0x0000000000009d88                put_page
                0x0000000000009e35                un_wp_page
                0x0000000000009ec5                do_wp_page
                0x0000000000009ef5                write_verify
                0x0000000000009f34                do_no_page
                0x0000000000009f64                calc_mem
                0x0000000000009ff8                page_fault
 *fill*         0x000000000000a02f        0x1 90909090
 .text          0x000000000000a030     0x4f4c fs/fs.o
                0x000000000000a030                sys_utime
                0x000000000000a099                sys_access
                0x000000000000a130                sys_chdir
                0x000000000000a193                sys_chroot
                0x000000000000a1f6                sys_chmod
                0x000000000000a28b                sys_chown
                0x000000000000a2f2                sys_open
                0x000000000000a486                sys_creat
                0x000000000000a4a9                sys_close
                0x000000000000a530                sys_lseek
                0x000000000000a5ec                sys_read
                0x000000000000a747                sys_write
                0x000000000000ac5b                sync_inodes
                0x000000000000aca5                bmap
                0x000000000000acbe                create_block
                0x000000000000acd7                iput
                0x000000000000adc5                get_empty_inode
                0x000000000000aeb3                get_pipe_inode
                0x000000000000aefa                iget
                0x000000000000b0e7                sys_sync
                0x000000000000b14f                brelse
                0x000000000000b1a1                get_hash_table
                0x000000000000b200                getblk
                0x000000000000b49f                bread
                0x000000000000b4f9                buffer_init
                0x000000000000b594                do_mount
                0x000000000000b79f                mount_root
                0x000000000000b8f0                block_write
                0x000000000000b9d3                block_read
                0x000000000000baaa                ll_rw_block
                0x000000000000bb73                rw_char
                0x000000000000bbe4                file_read
                0x000000000000bd8f                file_write
                0x000000000000c02e                sys_stat
                0x000000000000c073                sys_lstat
                0x000000000000c08e                sys_fstat
                0x000000000000c0d1                sys_stat64
                0x000000000000c116                sys_fstat64
                0x000000000000c159                sys_lstat64
                0x000000000000c174                sys_oldstat
                0x000000000000c18c                sys_oldfstat
                0x000000000000c2d4                cp_block
                0x000000000000c309                is_valid_elf
                0x000000000000c34e                read_file_block_ind
                0x000000000000c3e3                read_file_block
                0x000000000000c4e2                copy_section
                0x000000000000c5d0                create_bss_section
                0x000000000000c5f6                load_elf_binary
                0x000000000000c801                do_execve
                0x000000000000cc94                read_pipe
                0x000000000000cd2d                write_pipe
                0x000000000000ce26                sys_pipe
                0x000000000000d459                namei
                0x000000000000d50f                open_namei
                0x000000000000d775                sys_mkdir
                0x000000000000da2a                sys_rmdir
                0x000000000000dd9c                sys_unlink
                0x000000000000df38                sys_link
                0x000000000000e0e0                free_block
                0x000000000000e21b                new_block
                0x000000000000e39e                free_inode
                0x000000000000e4ca                new_inode
                0x000000000000e6aa                sys_dup2
                0x000000000000e6ca                sys_dup
                0x000000000000e6da                sys_fcntl
                0x000000000000e797                sys_fcntl64
                0x000000000000e7ec                sys_ioctl
                0x000000000000e889                tty_ioctl
                0x000000000000eb55                truncate
                0x000000000000ec60                sys_getdents
                0x000000000000edee                sys_getdents64
 .text          0x000000000000ef7c        0x0 lib/lib.a(ctype.o)
 .text          0x000000000000ef7c        0xe lib/lib.a(_exit.o)
                0x000000000000ef7c                _exit
 *fill*         0x000000000000ef8a        0x2 90909090
 .text          0x000000000000ef8c       0x3d lib/lib.a(open.o)
                0x000000000000ef8c                open
 *fill*         0x000000000000efc9        0x3 90909090
 .text          0x000000000000efcc       0x23 lib/lib.a(close.o)
                0x000000000000efcc                close
 *fill*         0x000000000000efef        0x1 90909090
 .text          0x000000000000eff0        0x0 lib/lib.a(errno.o)
 .text          0x000000000000eff0       0x3d lib/lib.a(write.o)
                0x000000000000eff0                write
 *fill*         0x000000000000f02d        0x3 90909090
 .text          0x000000000000f030       0x23 lib/lib.a(dup.o)
                0x000000000000f030                dup
 *fill*         0x000000000000f053        0x1 90909090
 .text          0x000000000000f054       0x1e lib/lib.a(setsid.o)
                0x000000000000f054                setsid
 *fill*         0x000000000000f072        0x2 90909090
 .text          0x000000000000f074       0x3d lib/lib.a(execve.o)
                0x000000000000f074                execve
 *fill*         0x000000000000f0b1        0x3 90909090
 .text          0x000000000000f0b4       0x60 lib/lib.a(wait.o)
                0x000000000000f0b4                waitpid
                0x000000000000f0f1                wait
 .text          0x000000000000f114      0x421 lib/lib.a(string.o)
                0x000000000000f114                strcpy
                0x000000000000f13c                strncpy
                0x000000000000f16d                strcat
                0x000000000000f1a2                strncat
                0x000000000000f1e1                strcmp
                0x000000000000f20f                strncmp
                0x000000000000f244                strchr
                0x000000000000f262                strrchr
                0x000000000000f283                strspn
                0x000000000000f2d0                strcspn
                0x000000000000f31d                strpbrk
                0x000000000000f362                strstr
                0x000000000000f3a7                strlen
                0x000000000000f3c0                strtok
                0x000000000000f451                memcpy
                0x000000000000f477                memmove
                0x000000000000f4c5                memcmp
                0x000000000000f4f9                memchr
                0x000000000000f51f                memset
 *(.gnu.warning)

.fini
 *(.fini)
                0x000000000000f535                PROVIDE (__etext, .)
                0x000000000000f535                PROVIDE (_etext, .)
                0x000000000000f535                PROVIDE (etext, .)

.rodata         0x000000000000f540     0x1044
 *(.rodata .rodata.* .gnu.linkonce.r.*)
 .rodata.str1.1
                0x000000000000f540       0x68 init/main.o
 .rodata.str1.4
                0x000000000000f5a8       0x25 init/main.o
 *fill*         0x000000000000f5cd       0x13 00
 .rodata        0x000000000000f5e0      0x270 kernel/kernel.o
 .rodata.str1.1
                0x000000000000f850      0x27f kernel/kernel.o
                                        0x285 (size before relaxing)
 *fill*         0x000000000000facf        0x1 00
 .rodata.str1.4
                0x000000000000fad0      0x22c kernel/kernel.o
 .rodata.str1.4
                0x000000000000fcfc       0xe9 mm/mm.o
 .rodata.str1.1
                0x000000000000fde5       0x68 mm/mm.o
 *fill*         0x000000000000fe4d       0x13 00
 .rodata        0x000000000000fe60       0xc4 fs/fs.o
 .rodata.str1.1
                0x000000000000ff24      0x32c fs/fs.o
                                        0x332 (size before relaxing)
 .rodata.str1.4
                0x0000000000010250      0x334 fs/fs.o

.rodata1
 *(.rodata1)

.eh_frame_hdr
 *(.eh_frame_hdr)

.eh_frame       0x0000000000010584     0x2168
 *(.eh_frame)
 .eh_frame      0x0000000000010584       0x74 init/main.o
 .eh_frame      0x00000000000105f8      0xce4 kernel/kernel.o
                                        0xe1c (size before relaxing)
 .eh_frame      0x00000000000112dc      0x1a8 mm/mm.o
                                        0x1c0 (size before relaxing)
 .eh_frame      0x0000000000011484      0xf0c fs/fs.o
                                       0x10bc (size before relaxing)
 .eh_frame      0x0000000000012390       0x1c lib/lib.a(_exit.o)
                                         0x34 (size before relaxing)
 .eh_frame      0x00000000000123ac       0x20 lib/lib.a(open.o)
                                         0x38 (size before relaxing)
 .eh_frame      0x00000000000123cc       0x1c lib/lib.a(close.o)
                                         0x34 (size before relaxing)
 .eh_frame      0x00000000000123e8       0x20 lib/lib.a(write.o)
                                         0x38 (size before relaxing)
 .eh_frame      0x0000000000012408       0x1c lib/lib.a(dup.o)
                                         0x34 (size before relaxing)
 .eh_frame      0x0000000000012424       0x14 lib/lib.a(setsid.o)
                                         0x2c (size before relaxing)
 .eh_frame      0x0000000000012438       0x20 lib/lib.a(execve.o)
                                         0x38 (size before relaxing)
 .eh_frame      0x0000000000012458       0x38 lib/lib.a(wait.o)
                                         0x50 (size before relaxing)
 .eh_frame      0x0000000000012490      0x25c lib/lib.a(string.o)
                                        0x274 (size before relaxing)

.gcc_except_table
 *(.gcc_except_table .gcc_except_table.*)

.exception_ranges
 *(.exception_ranges .exception_ranges*)
                0x00000000000126ec                . = (ALIGN (0x1000) - ((0x1000 - .) & 0xfff))
                0x0000000000013000                . = DATA_SEGMENT_ALIGN (0x1000, 0x1000)

.eh_frame
 *(.eh_frame)

.gcc_except_table
 *(.gcc_except_table .gcc_except_table.*)

.exception_ranges
 *(.exception_ranges .exception_ranges*)

.tdata
 *(.tdata .tdata.* .gnu.linkonce.td.*)

.tbss
 *(.tbss .tbss.* .gnu.linkonce.tb.*)
 *(.tcommon)

.preinit_array  0x0000000000013000        0x0
                0x0000000000013000                PROVIDE (__preinit_array_start, .)
 *(.preinit_array)
                0x0000000000013000                PROVIDE (__preinit_array_end, .)

.init_array     0x0000000000013000        0x0
                0x0000000000013000                PROVIDE (__init_array_start, .)
 *(SORT(.init_array.*) SORT(.ctors.*))
 *(.init_array)
 *(EXCLUDE_FILE(*crtend?.o *crtend.o *crtbegin?.o *crtbegin.o) .ctors)
                0x0000000000013000                PROVIDE (__init_array_end, .)

.fini_array     0x0000000000013000        0x0
                0x0000000000013000                PROVIDE (__fini_array_start, .)
 *(SORT(.fini_array.*) SORT(.dtors.*))
 *(.fini_array)
 *(EXCLUDE_FILE(*crtend?.o *crtend.o *crtbegin?.o *crtbegin.o) .dtors)
                0x0000000000013000                PROVIDE (__fini_array_end, .)

.ctors
 *crtbegin.o(.ctors)
 *crtbegin?.o(.ctors)
 *(EXCLUDE_FILE(*crtend?.o *crtend.o) .ctors)
 *(SORT(.ctors.*))
 *(.ctors)

.dtors
 *crtbegin.o(.dtors)
 *crtbegin?.o(.dtors)
 *(EXCLUDE_FILE(*crtend?.o *crtend.o) .dtors)
 *(SORT(.dtors.*))
 *(.dtors)

.jcr
 *(.jcr)

.data.rel.ro
 *(.data.rel.ro.local* .gnu.linkonce.d.rel.ro.local.*)
 *(.data.rel.ro* .gnu.linkonce.d.rel.ro.*)

.dynamic
 *(.dynamic)

.got
 *(.got)
 *(.igot)
                0x0000000000013000                . = DATA_SEGMENT_RELRO_END (., 0xc)

.got.plt        0x0000000000013000        0x0
 *(.got.plt)
 *(.igot.plt)
 .igot.plt      0x0000000000000000        0x0 boot/head.o

.data           0x0000000000013000     0x3e64
 *(.data .data.* .gnu.linkonce.d.*)
 .data          0x0000000000013000        0x0 boot/head.o
 .data          0x0000000000013000       0x18 init/main.o
 *fill*         0x0000000000013018        0x8 00
 .data          0x0000000000013020     0x3d2c kernel/kernel.o
                0x0000000000013020                stack_start
                0x0000000000013040                task
                0x0000000000013140                current
                0x0000000000013160                sys_call_table
                0x0000000000014660                table_list
                0x0000000000014680                tty_table
 .data          0x0000000000016d4c        0x0 mm/mm.o
 .data          0x0000000000016d4c        0x4 fs/fs.o
                0x0000000000016d4c                start_buffer
 *fill*         0x0000000000016d50       0x10 00
 .data          0x0000000000016d60      0x101 lib/lib.a(ctype.o)
                0x0000000000016d60                _ctype
 *fill*         0x0000000000016e61        0x3 00
 .data          0x0000000000016e64        0x0 lib/lib.a(_exit.o)
 .data          0x0000000000016e64        0x0 lib/lib.a(open.o)
 .data          0x0000000000016e64        0x0 lib/lib.a(close.o)
 .data          0x0000000000016e64        0x0 lib/lib.a(errno.o)
 .data          0x0000000000016e64        0x0 lib/lib.a(write.o)
 .data          0x0000000000016e64        0x0 lib/lib.a(dup.o)
 .data          0x0000000000016e64        0x0 lib/lib.a(setsid.o)
 .data          0x0000000000016e64        0x0 lib/lib.a(execve.o)
 .data          0x0000000000016e64        0x0 lib/lib.a(wait.o)
 .data          0x0000000000016e64        0x0 lib/lib.a(string.o)

.data1
 *(.data1)
                0x0000000000016e64                _edata = .
                0x0000000000016e64                PROVIDE (edata, .)
                0x0000000000016e64                __bss_start = .

.bss            0x0000000000016e80     0x3d2c
 *(.dynbss)
 *(.bss .bss.* .gnu.linkonce.b.*)
 .bss           0x0000000000016e80        0x0 boot/head.o
 .bss           0x0000000000016e80      0x400 init/main.o
 .bss           0x0000000000017280      0x9cc kernel/kernel.o
                0x0000000000017280                last_task_used_math
                0x0000000000017284                startup_time
                0x0000000000017288                jiffies
                0x000000000001728c                last_pid
                0x0000000000017740                do_hd
 *fill*         0x0000000000017c4c       0x14 00
 .bss           0x0000000000017c60      0xc00 mm/mm.o
 .bss           0x0000000000018860      0x710 fs/fs.o
                0x0000000000018860                inode_table
                0x0000000000018f64                nr_buffers
 .bss           0x0000000000018f70        0x0 lib/lib.a(ctype.o)
 .bss           0x0000000000018f70        0x0 lib/lib.a(_exit.o)
 .bss           0x0000000000018f70        0x0 lib/lib.a(open.o)
 .bss           0x0000000000018f70        0x0 lib/lib.a(close.o)
 .bss           0x0000000000018f70        0x0 lib/lib.a(errno.o)
 .bss           0x0000000000018f70        0x0 lib/lib.a(write.o)
 .bss           0x0000000000018f70        0x0 lib/lib.a(dup.o)
 .bss           0x0000000000018f70        0x0 lib/lib.a(setsid.o)
 .bss           0x0000000000018f70        0x0 lib/lib.a(execve.o)
 .bss           0x0000000000018f70        0x0 lib/lib.a(wait.o)
 .bss           0x0000000000018f70        0x0 lib/lib.a(string.o)
 *(COMMON)
 *fill*         0x0000000000018f70       0x10 00
 COMMON         0x0000000000018f80     0x1000 kernel/kernel.o
                0x0000000000018f80                user_stack
 COMMON         0x0000000000019f80      0xc20 fs/fs.o
                0x0000000000019f80                hash_table
                0x000000000001a460                super_block
                0x000000000001a7a0                file_table
 COMMON         0x000000000001aba0        0x1 lib/lib.a(ctype.o)
                0x000000000001aba0                _ctmp
 *fill*         0x000000000001aba1        0x3 00
 COMMON         0x000000000001aba4        0x4 lib/lib.a(errno.o)
                0x000000000001aba4                errno
 COMMON         0x000000000001aba8        0x4 lib/lib.a(string.o)
                0x000000000001aba8                ___strtok
                0x000000000001abac                . = ALIGN ((. != 0x0)?0x4:0x1)
                0x000000000001abac                . = ALIGN (0x4)
                0x000000000001abac                . = ALIGN (0x4)
                0x000000000001abac                _end = .
                0x000000000001abac                PROVIDE (end, .)
                0x000000000001abac                . = DATA_SEGMENT_END (.)

.stab
 *(.stab)

.stabstr
 *(.stabstr)

.stab.excl
 *(.stab.excl)

.stab.exclstr
 *(.stab.exclstr)

.stab.index
 *(.stab.index)

.stab.indexstr
 *(.stab.indexstr)

.comment        0x0000000000000000       0x2a
 *(.comment)
 .comment       0x0000000000000000       0x2a init/main.o
                                         0x2b (size before relaxing)
 .comment       0x0000000000000000      0x22f kernel/kernel.o
 .comment       0x0000000000000000       0x2b mm/mm.o
 .comment       0x0000000000000000      0x331 fs/fs.o
 .comment       0x0000000000000000       0x2b lib/lib.a(ctype.o)
 .comment       0x0000000000000000       0x2b lib/lib.a(_exit.o)
 .comment       0x0000000000000000       0x2b lib/lib.a(open.o)
 .comment       0x0000000000000000       0x2b lib/lib.a(close.o)
 .comment       0x0000000000000000       0x2b lib/lib.a(errno.o)
 .comment       0x0000000000000000       0x2b lib/lib.a(write.o)
 .comment       0x0000000000000000       0x2b lib/lib.a(dup.o)
 .comment       0x0000000000000000       0x2b lib/lib.a(setsid.o)
 .comment       0x0000000000000000       0x2b lib/lib.a(execve.o)
 .comment       0x0000000000000000       0x2b lib/lib.a(wait.o)
 .comment       0x0000000000000000       0x2b lib/lib.a(string.o)

.debug
 *(.debug)

.line
 *(.line)

.debug_srcinfo
 *(.debug_srcinfo)

.debug_sfnames
 *(.debug_sfnames)

.debug_aranges  0x0000000000000000      0x540
 *(.debug_aranges)
 .debug_aranges
                0x0000000000000000       0x20 init/main.o
 .debug_aranges
                0x0000000000000020      0x1a0 kernel/kernel.o
 .debug_aranges
                0x00000000000001c0       0x20 mm/mm.o
 .debug_aranges
                0x00000000000001e0      0x240 fs/fs.o
 .debug_aranges
                0x0000000000000420       0x20 lib/lib.a(_exit.o)
 .debug_aranges
                0x0000000000000440       0x20 lib/lib.a(open.o)
 .debug_aranges
                0x0000000000000460       0x20 lib/lib.a(close.o)
 .debug_aranges
                0x0000000000000480       0x20 lib/lib.a(write.o)
 .debug_aranges
                0x00000000000004a0       0x20 lib/lib.a(dup.o)
 .debug_aranges
                0x00000000000004c0       0x20 lib/lib.a(setsid.o)
 .debug_aranges
                0x00000000000004e0       0x20 lib/lib.a(execve.o)
 .debug_aranges
                0x0000000000000500       0x20 lib/lib.a(wait.o)
 .debug_aranges
                0x0000000000000520       0x20 lib/lib.a(string.o)

.debug_pubnames
 *(.debug_pubnames)

.debug_info     0x0000000000000000    0x1a212
 *(.debug_info .gnu.linkonce.wi.*)
 .debug_info    0x0000000000000000      0xccf init/main.o
 .debug_info    0x0000000000000ccf     0x86a9 kernel/kernel.o
 .debug_info    0x0000000000009378      0x4d6 mm/mm.o
 .debug_info    0x000000000000984e     0xe2d3 fs/fs.o
 .debug_info    0x0000000000017b21       0x70 lib/lib.a(ctype.o)
 .debug_info    0x0000000000017b91      0x3af lib/lib.a(_exit.o)
 .debug_info    0x0000000000017f40      0x403 lib/lib.a(open.o)
 .debug_info    0x0000000000018343      0x3ce lib/lib.a(close.o)
 .debug_info    0x0000000000018711       0x3f lib/lib.a(errno.o)
 .debug_info    0x0000000000018750      0x400 lib/lib.a(write.o)
 .debug_info    0x0000000000018b50      0x3ce lib/lib.a(dup.o)
 .debug_info    0x0000000000018f1e      0x3cb lib/lib.a(setsid.o)
 .debug_info    0x00000000000192e9      0x3fc lib/lib.a(execve.o)
 .debug_info    0x00000000000196e5      0x428 lib/lib.a(wait.o)
 .debug_info    0x0000000000019b0d      0x705 lib/lib.a(string.o)

.debug_abbrev   0x0000000000000000     0x4377
 *(.debug_abbrev)
 .debug_abbrev  0x0000000000000000      0x1d7 init/main.o
 .debug_abbrev  0x00000000000001d7     0x172e kernel/kernel.o
 .debug_abbrev  0x0000000000001905      0x1af mm/mm.o
 .debug_abbrev  0x0000000000001ab4     0x212e fs/fs.o
 .debug_abbrev  0x0000000000003be2       0x42 lib/lib.a(ctype.o)
 .debug_abbrev  0x0000000000003c24       0xa3 lib/lib.a(_exit.o)
 .debug_abbrev  0x0000000000003cc7       0xdc lib/lib.a(open.o)
 .debug_abbrev  0x0000000000003da3       0xb4 lib/lib.a(close.o)
 .debug_abbrev  0x0000000000003e57       0x30 lib/lib.a(errno.o)
 .debug_abbrev  0x0000000000003e87       0xd7 lib/lib.a(write.o)
 .debug_abbrev  0x0000000000003f5e       0xb4 lib/lib.a(dup.o)
 .debug_abbrev  0x0000000000004012       0xb2 lib/lib.a(setsid.o)
 .debug_abbrev  0x00000000000040c4       0xbb lib/lib.a(execve.o)
 .debug_abbrev  0x000000000000417f       0xd0 lib/lib.a(wait.o)
 .debug_abbrev  0x000000000000424f      0x128 lib/lib.a(string.o)

.debug_line     0x0000000000000000     0x3530
 *(.debug_line)
 .debug_line    0x0000000000000000      0x11e init/main.o
 .debug_line    0x000000000000011e     0x12a2 kernel/kernel.o
 .debug_line    0x00000000000013c0      0x122 mm/mm.o
 .debug_line    0x00000000000014e2     0x1b86 fs/fs.o
 .debug_line    0x0000000000003068       0x28 lib/lib.a(ctype.o)
 .debug_line    0x0000000000003090       0x50 lib/lib.a(_exit.o)
 .debug_line    0x00000000000030e0       0x76 lib/lib.a(open.o)
 .debug_line    0x0000000000003156       0x6e lib/lib.a(close.o)
 .debug_line    0x00000000000031c4       0x28 lib/lib.a(errno.o)
 .debug_line    0x00000000000031ec       0x8c lib/lib.a(write.o)
 .debug_line    0x0000000000003278       0x6c lib/lib.a(dup.o)
 .debug_line    0x00000000000032e4       0x88 lib/lib.a(setsid.o)
 .debug_line    0x000000000000336c       0x73 lib/lib.a(execve.o)
 .debug_line    0x00000000000033df       0x90 lib/lib.a(wait.o)
 .debug_line    0x000000000000346f       0xc1 lib/lib.a(string.o)

.debug_frame
 *(.debug_frame)

.debug_str      0x0000000000000000     0x1a30
 *(.debug_str)
 .debug_str     0x0000000000000000      0x40d init/main.o
                                        0x4ba (size before relaxing)
 .debug_str     0x000000000000040d      0xa9d kernel/kernel.o
                                       0x31f0 (size before relaxing)
 .debug_str     0x0000000000000eaa      0x13b mm/mm.o
                                        0x1d6 (size before relaxing)
 .debug_str     0x0000000000000fe5      0x964 fs/fs.o
                                       0x555c (size before relaxing)
 .debug_str     0x0000000000001949       0x3b lib/lib.a(ctype.o)
                                         0x7b (size before relaxing)
 .debug_str     0x0000000000001984        0x8 lib/lib.a(_exit.o)
                                        0x299 (size before relaxing)
 .debug_str     0x0000000000000000        0x8 lib/lib.a(open.o)
                                        0x2a9 (size before relaxing)
 .debug_str     0x000000000000198c        0x8 lib/lib.a(close.o)
                                        0x29b (size before relaxing)
 .debug_str     0x0000000000001994        0x8 lib/lib.a(errno.o)
                                         0x4d (size before relaxing)
 .debug_str     0x0000000000000000        0x8 lib/lib.a(write.o)
                                        0x2a7 (size before relaxing)
 .debug_str     0x000000000000199c        0x6 lib/lib.a(dup.o)
                                        0x293 (size before relaxing)
 .debug_str     0x00000000000019a2        0x9 lib/lib.a(setsid.o)
                                        0x2a3 (size before relaxing)
 .debug_str     0x00000000000019ab        0x9 lib/lib.a(execve.o)
                                        0x2ac (size before relaxing)
 .debug_str     0x00000000000019b4       0x11 lib/lib.a(wait.o)
                                        0x2b9 (size before relaxing)
 .debug_str     0x00000000000019c5       0x6b lib/lib.a(string.o)
                                        0x101 (size before relaxing)

.debug_loc      0x0000000000000000     0xa594
 *(.debug_loc)
 .debug_loc     0x0000000000000000      0x256 init/main.o
 .debug_loc     0x0000000000000256     0x33d8 kernel/kernel.o
 .debug_loc     0x000000000000362e      0x640 mm/mm.o
 .debug_loc     0x0000000000003c6e     0x6353 fs/fs.o
 .debug_loc     0x0000000000009fc1       0x2c lib/lib.a(_exit.o)
 .debug_loc     0x0000000000009fed       0x3f lib/lib.a(open.o)
 .debug_loc     0x000000000000a02c       0x3f lib/lib.a(close.o)
 .debug_loc     0x000000000000a06b       0x57 lib/lib.a(write.o)
 .debug_loc     0x000000000000a0c2       0x3f lib/lib.a(dup.o)
 .debug_loc     0x000000000000a101       0x13 lib/lib.a(setsid.o)
 .debug_loc     0x000000000000a114       0x57 lib/lib.a(execve.o)
 .debug_loc     0x000000000000a16b       0x83 lib/lib.a(wait.o)
 .debug_loc     0x000000000000a1ee      0x3a6 lib/lib.a(string.o)

.debug_macinfo
 *(.debug_macinfo)

.debug_weaknames
 *(.debug_weaknames)

.debug_funcnames
 *(.debug_funcnames)

.debug_typenames
 *(.debug_typenames)

.debug_varnames
 *(.debug_varnames)

.debug_pubtypes
 *(.debug_pubtypes)

.debug_ranges   0x0000000000000000      0x428
 *(.debug_ranges)
 .debug_ranges  0x0000000000000000      0x120 kernel/kernel.o
 .debug_ranges  0x0000000000000120      0x308 fs/fs.o

.gnu.attributes
 *(.gnu.attributes)

/DISCARD/
 *(.note.GNU-stack)
 *(.gnu_debuglink)
 *(.gnu.lto_*)
OUTPUT(tools/system elf32-i386)
