Archive member included because of file (symbol)

lib/lib.a(ctype.o)            kernel/kernel.o (_ctype)
lib/lib.a(_exit.o)            init/main.o (_exit)
lib/lib.a(open.o)             init/main.o (open)
lib/lib.a(close.o)            init/main.o (close)
lib/lib.a(errno.o)            init/main.o (errno)
lib/lib.a(write.o)            init/main.o (write)
lib/lib.a(dup.o)              init/main.o (dup)
lib/lib.a(setsid.o)           init/main.o (setsid)
lib/lib.a(execve.o)           init/main.o (execve)
lib/lib.a(wait.o)             init/main.o (wait)
lib/lib.a(string.o)           kernel/kernel.o (memcpy)

Allocating common symbols
Common symbol       size              file

errno               0x4               lib/lib.a(errno.o)
hash_table          0x4cc             fs/fs.o
___strtok           0x4               lib/lib.a(string.o)
user_stack          0x1000            kernel/kernel.o
_ctmp               0x1               lib/lib.a(ctype.o)
super_block         0x340             fs/fs.o
file_table          0x400             fs/fs.o

Discarded input sections

 .note.GNU-stack
                0x0000000000000000        0x0 init/main.o
 .note.GNU-stack
                0x0000000000000000        0x0 kernel/kernel.o
 .note.GNU-stack
                0x0000000000000000        0x0 mm/mm.o
 .note.GNU-stack
                0x0000000000000000        0x0 fs/fs.o
 .note.GNU-stack
                0x0000000000000000        0x0 lib/lib.a(ctype.o)
 .note.GNU-stack
                0x0000000000000000        0x0 lib/lib.a(_exit.o)
 .note.GNU-stack
                0x0000000000000000        0x0 lib/lib.a(open.o)
 .note.GNU-stack
                0x0000000000000000        0x0 lib/lib.a(close.o)
 .note.GNU-stack
                0x0000000000000000        0x0 lib/lib.a(errno.o)
 .note.GNU-stack
                0x0000000000000000        0x0 lib/lib.a(write.o)
 .note.GNU-stack
                0x0000000000000000        0x0 lib/lib.a(dup.o)
 .note.GNU-stack
                0x0000000000000000        0x0 lib/lib.a(setsid.o)
 .note.GNU-stack
                0x0000000000000000        0x0 lib/lib.a(execve.o)
 .note.GNU-stack
                0x0000000000000000        0x0 lib/lib.a(wait.o)
 .note.GNU-stack
                0x0000000000000000        0x0 lib/lib.a(string.o)

Memory Configuration

Name             Origin             Length             Attributes
*default*        0x0000000000000000 0xffffffffffffffff

Linker script and memory map

Address of section .text set to 0x0
LOAD boot/head.o
LOAD init/main.o
LOAD kernel/kernel.o
LOAD mm/mm.o
LOAD fs/fs.o
LOAD lib/lib.a
                0x0000000008048000                PROVIDE (__executable_start, 0x8048000)
                0x0000000008048094                . = (0x8048000 + SIZEOF_HEADERS)

.interp
 *(.interp)

.note.gnu.build-id
 *(.note.gnu.build-id)

.hash
 *(.hash)

.gnu.hash
 *(.gnu.hash)

.dynsym
 *(.dynsym)

.dynstr
 *(.dynstr)

.gnu.version
 *(.gnu.version)

.gnu.version_d
 *(.gnu.version_d)

.gnu.version_r
 *(.gnu.version_r)

.rel.dyn        0x0000000008048094        0x0
 *(.rel.init)
 *(.rel.text .rel.text.* .rel.gnu.linkonce.t.*)
 .rel.text      0x0000000000000000        0x0 boot/head.o
 *(.rel.fini)
 *(.rel.rodata .rel.rodata.* .rel.gnu.linkonce.r.*)
 *(.rel.data.rel.ro* .rel.gnu.linkonce.d.rel.ro.*)
 *(.rel.data .rel.data.* .rel.gnu.linkonce.d.*)
 .rel.data      0x0000000000000000        0x0 boot/head.o
 *(.rel.tdata .rel.tdata.* .rel.gnu.linkonce.td.*)
 *(.rel.tbss .rel.tbss.* .rel.gnu.linkonce.tb.*)
 *(.rel.ctors)
 *(.rel.dtors)
 *(.rel.got)
 *(.rel.bss .rel.bss.* .rel.gnu.linkonce.b.*)
 *(.rel.ifunc)

.rel.plt        0x0000000008048094        0x0
 *(.rel.plt)
                0x0000000008048094                PROVIDE (__rel_iplt_start, .)
 *(.rel.iplt)
 .rel.iplt      0x0000000000000000        0x0 boot/head.o
                0x0000000008048094                PROVIDE (__rel_iplt_end, .)

.init
 *(.init)

.plt            0x00000000080480a0        0x0
 *(.plt)
 *(.iplt)
 .iplt          0x0000000000000000        0x0 boot/head.o

.text           0x0000000000000000     0xf7d5
 *(.text.unlikely .text.*_unlikely)
 *(.text.exit .text.exit.*)
 *(.text.startup .text.startup.*)
 *(.text.hot .text.hot.*)
 *(.text .stub .text.* .gnu.linkonce.t.*)
 .text          0x0000000000000000     0x5078 boot/head.o
                0x0000000000000000                startup_32
                0x0000000000000000                pg_dir
                0x0000000000004078                idt
                0x0000000000004878                gdt
 *fill*         0x0000000000005078        0x8 90909090
 .text          0x0000000000005080      0x370 init/main.o
                0x00000000000050c1                init
                0x0000000000005232                main
 .text          0x00000000000053f0     0x4963 kernel/kernel.o
                0x00000000000053f0                sys_alarm
                0x0000000000005417                sys_getpid
                0x0000000000005423                sys_getppid
                0x000000000000542f                sys_getuid
                0x000000000000543c                sys_geteuid
                0x0000000000005449                sys_getgid
                0x0000000000005456                sys_getegid
                0x0000000000005463                sys_nice
                0x000000000000547c                sys_signal
                0x00000000000054b9                math_state_restore
                0x00000000000054f0                schedule
                0x000000000000561c                sys_pause
                0x0000000000005638                sleep_on
                0x0000000000005692                interruptible_sleep_on
                0x00000000000056fc                wake_up
                0x0000000000005718                do_timer
                0x0000000000005763                sched_init
                0x000000000000588c                system_call
                0x000000000000597e                timer_interrupt
                0x00000000000059b6                sys_execve
                0x00000000000059c4                sys_fork
                0x00000000000059dc                hd_interrupt
                0x0000000000005b89                do_double_fault
                0x0000000000005ba2                do_general_protection
                0x0000000000005bbb                do_divide_error
                0x0000000000005bd4                do_int3
                0x0000000000005c8c                do_nmi
                0x0000000000005ca5                do_debug
                0x0000000000005cbe                do_overflow
                0x0000000000005cd7                do_bounds
                0x0000000000005cf0                do_invalid_op
                0x0000000000005d09                do_device_not_available
                0x0000000000005d22                do_coprocessor_segment_overrun
                0x0000000000005d3b                do_invalid_TSS
                0x0000000000005d54                do_segment_not_present
                0x0000000000005d6d                do_stack_segment
                0x0000000000005d86                do_coprocessor_error
                0x0000000000005d9f                do_reserved
                0x0000000000005db8                trap_init
                0x0000000000005f74                divide_error
                0x0000000000005fa9                debug
                0x0000000000005fb0                nmi
                0x0000000000005fb7                int3
                0x0000000000005fbe                overflow
                0x0000000000005fc5                bounds
                0x0000000000005fcc                invalid_op
                0x0000000000005fdb                device_not_available
                0x0000000000006008                coprocessor_segment_overrun
                0x0000000000006012                reserved
                0x000000000000601c                coprocessor_error
                0x0000000000006026                double_fault
                0x000000000000605d                invalid_TSS
                0x0000000000006064                segment_not_present
                0x000000000000606b                stack_segment
                0x0000000000006072                general_protection
                0x000000000000607c                verify_area
                0x00000000000060e1                copy_mem
                0x00000000000061d7                copy_process
                0x0000000000006466                find_empty_process
                0x00000000000064c8                panic
                0x00000000000064e4                printk
                0x0000000000006776                vsprintf
                0x0000000000006ae0                tty_init
                0x0000000000006af1                tty_intr
                0x0000000000006b36                copy_to_cooked
                0x0000000000006db6                tty_read
                0x000000000000707c                tty_write
                0x0000000000007259                do_tty_interrupt
                0x0000000000007485                sys_col_write
                0x00000000000074d0                csi_m
                0x000000000000752b                con_write
                0x0000000000007e9a                con_init
                0x0000000000007f23                keyboard_interrupt
                0x00000000000088ac                rs1_interrupt
                0x00000000000088b4                rs2_interrupt
                0x0000000000009019                rw_hd
                0x00000000000090c2                sys_setup
                0x00000000000091c1                unexpected_hd_interrupt
                0x00000000000091d4                hd_init
                0x0000000000009244                sys_ftime
                0x000000000000924a                sys_mknod
                0x0000000000009250                sys_break
                0x0000000000009256                sys_mount
                0x000000000000925c                sys_umount
                0x0000000000009262                sys_ustat
                0x0000000000009268                sys_ptrace
                0x000000000000926e                sys_stty
                0x0000000000009274                sys_gtty
                0x000000000000927a                sys_rename
                0x0000000000009280                sys_prof
                0x0000000000009286                sys_setgid
                0x00000000000092e3                sys_acct
                0x00000000000092e9                sys_phys
                0x00000000000092ef                sys_lock
                0x00000000000092f5                sys_mpx
                0x00000000000092fb                sys_ulimit
                0x0000000000009301                sys_time
                0x0000000000009354                sys_setuid
                0x00000000000093ad                sys_stime
                0x00000000000093fa                sys_times
                0x0000000000009453                sys_brk
                0x0000000000009486                sys_setpgid
                0x00000000000094fb                sys_getpgrp
                0x0000000000009507                sys_setsid
                0x000000000000955c                sys_oldolduname
                0x0000000000009574                sys_uname
                0x00000000000095c1                sys_umask
                0x00000000000095df                sys_null
                0x0000000000009610                release
                0x000000000000966a                do_kill
                0x00000000000098e3                sys_kill
                0x0000000000009919                do_exit
                0x0000000000009aac                sys_exit
                0x0000000000009ac7                sys_delayed_exit
                0x0000000000009ae2                sys_waitpid
                0x0000000000009c6a                rs_init
                0x0000000000009cc2                rs_write
                0x0000000000009cec                kernel_mktime
 *fill*         0x0000000000009d53        0x1 90909090
 .text          0x0000000000009d54      0x517 mm/mm.o
                0x0000000000009d54                invalidate
                0x0000000000009d5d                copy_page
                0x0000000000009d82                get_free_page
                0x0000000000009dba                free_page
                0x0000000000009e1a                free_page_tables
                0x0000000000009eca                copy_page_tables
                0x0000000000009fc4                put_page
                0x000000000000a071                un_wp_page
                0x000000000000a101                do_wp_page
                0x000000000000a131                write_verify
                0x000000000000a170                do_no_page
                0x000000000000a1a0                calc_mem
                0x000000000000a234                page_fault
 *fill*         0x000000000000a26b        0x5 90909090
 .text          0x000000000000a270     0x4f4c fs/fs.o
                0x000000000000a270                sys_utime
                0x000000000000a2d9                sys_access
                0x000000000000a370                sys_chdir
                0x000000000000a3d3                sys_chroot
                0x000000000000a436                sys_chmod
                0x000000000000a4cb                sys_chown
                0x000000000000a532                sys_open
                0x000000000000a6c6                sys_creat
                0x000000000000a6e9                sys_close
                0x000000000000a770                sys_lseek
                0x000000000000a82c                sys_read
                0x000000000000a987                sys_write
                0x000000000000ae9b                sync_inodes
                0x000000000000aee5                bmap
                0x000000000000aefe                create_block
                0x000000000000af17                iput
                0x000000000000b005                get_empty_inode
                0x000000000000b0f3                get_pipe_inode
                0x000000000000b13a                iget
                0x000000000000b327                sys_sync
                0x000000000000b38f                brelse
                0x000000000000b3e1                get_hash_table
                0x000000000000b440                getblk
                0x000000000000b6df                bread
                0x000000000000b739                buffer_init
                0x000000000000b7d4                do_mount
                0x000000000000b9df                mount_root
                0x000000000000bb30                block_write
                0x000000000000bc13                block_read
                0x000000000000bcea                ll_rw_block
                0x000000000000bdb3                rw_char
                0x000000000000be24                file_read
                0x000000000000bfcf                file_write
                0x000000000000c26e                sys_stat
                0x000000000000c2b3                sys_lstat
                0x000000000000c2ce                sys_fstat
                0x000000000000c311                sys_stat64
                0x000000000000c356                sys_fstat64
                0x000000000000c399                sys_lstat64
                0x000000000000c3b4                sys_oldstat
                0x000000000000c3cc                sys_oldfstat
                0x000000000000c514                cp_block
                0x000000000000c549                is_valid_elf
                0x000000000000c58e                read_file_block_ind
                0x000000000000c623                read_file_block
                0x000000000000c722                copy_section
                0x000000000000c810                create_bss_section
                0x000000000000c836                load_elf_binary
                0x000000000000ca41                do_execve
                0x000000000000ced4                read_pipe
                0x000000000000cf6d                write_pipe
                0x000000000000d066                sys_pipe
                0x000000000000d699                namei
                0x000000000000d74f                open_namei
                0x000000000000d9b5                sys_mkdir
                0x000000000000dc6a                sys_rmdir
                0x000000000000dfdc                sys_unlink
                0x000000000000e178                sys_link
                0x000000000000e320                free_block
                0x000000000000e45b                new_block
                0x000000000000e5de                free_inode
                0x000000000000e70a                new_inode
                0x000000000000e8ea                sys_dup2
                0x000000000000e90a                sys_dup
                0x000000000000e91a                sys_fcntl
                0x000000000000e9d7                sys_fcntl64
                0x000000000000ea2c                sys_ioctl
                0x000000000000eac9                tty_ioctl
                0x000000000000ed95                truncate
                0x000000000000eea0                sys_getdents
                0x000000000000f02e                sys_getdents64
 .text          0x000000000000f1bc        0x0 lib/lib.a(ctype.o)
 .text          0x000000000000f1bc        0xe lib/lib.a(_exit.o)
                0x000000000000f1bc                _exit
 *fill*         0x000000000000f1ca        0x2 90909090
 .text          0x000000000000f1cc       0x3d lib/lib.a(open.o)
                0x000000000000f1cc                open
 *fill*         0x000000000000f209        0x3 90909090
 .text          0x000000000000f20c       0x23 lib/lib.a(close.o)
                0x000000000000f20c                close
 *fill*         0x000000000000f22f        0x1 90909090
 .text          0x000000000000f230        0x0 lib/lib.a(errno.o)
 .text          0x000000000000f230       0x7a lib/lib.a(write.o)
                0x000000000000f230                write
                0x000000000000f26d                col_write
 *fill*         0x000000000000f2aa        0x2 90909090
 .text          0x000000000000f2ac       0x23 lib/lib.a(dup.o)
                0x000000000000f2ac                dup
 *fill*         0x000000000000f2cf        0x1 90909090
 .text          0x000000000000f2d0       0x1e lib/lib.a(setsid.o)
                0x000000000000f2d0                setsid
 *fill*         0x000000000000f2ee        0x2 90909090
 .text          0x000000000000f2f0       0x3d lib/lib.a(execve.o)
                0x000000000000f2f0                execve
 *fill*         0x000000000000f32d        0x3 90909090
 .text          0x000000000000f330       0x83 lib/lib.a(wait.o)
                0x000000000000f330                alarm
                0x000000000000f353                waitpid
                0x000000000000f390                wait
 *fill*         0x000000000000f3b3        0x1 90909090
 .text          0x000000000000f3b4      0x421 lib/lib.a(string.o)
                0x000000000000f3b4                strcpy
                0x000000000000f3dc                strncpy
                0x000000000000f40d                strcat
                0x000000000000f442                strncat
                0x000000000000f481                strcmp
                0x000000000000f4af                strncmp
                0x000000000000f4e4                strchr
                0x000000000000f502                strrchr
                0x000000000000f523                strspn
                0x000000000000f570                strcspn
                0x000000000000f5bd                strpbrk
                0x000000000000f602                strstr
                0x000000000000f647                strlen
                0x000000000000f660                strtok
                0x000000000000f6f1                memcpy
                0x000000000000f717                memmove
                0x000000000000f765                memcmp
                0x000000000000f799                memchr
                0x000000000000f7bf                memset
 *(.gnu.warning)

.fini
 *(.fini)
                0x000000000000f7d5                PROVIDE (__etext, .)
                0x000000000000f7d5                PROVIDE (_etext, .)
                0x000000000000f7d5                PROVIDE (etext, .)

.rodata         0x000000000000f7e0     0x1004
 *(.rodata .rodata.* .gnu.linkonce.r.*)
 .rodata.str1.1
                0x000000000000f7e0       0x68 init/main.o
 .rodata.str1.4
                0x000000000000f848       0x25 init/main.o
 *fill*         0x000000000000f86d       0x13 00
 .rodata        0x000000000000f880      0x270 kernel/kernel.o
 .rodata.str1.1
                0x000000000000faf0      0x27f kernel/kernel.o
                                        0x285 (size before relaxing)
 *fill*         0x000000000000fd6f        0x1 00
 .rodata.str1.4
                0x000000000000fd70      0x1fc kernel/kernel.o
 .rodata.str1.4
                0x000000000000ff6c       0xe9 mm/mm.o
 .rodata.str1.1
                0x0000000000010055       0x68 mm/mm.o
 *fill*         0x00000000000100bd        0x3 00
 .rodata        0x00000000000100c0       0xc4 fs/fs.o
 .rodata.str1.1
                0x0000000000010184      0x32c fs/fs.o
                                        0x332 (size before relaxing)
 .rodata.str1.4
                0x00000000000104b0      0x334 fs/fs.o

.rodata1
 *(.rodata1)

.eh_frame_hdr
 *(.eh_frame_hdr)

.eh_frame       0x00000000000107e4     0x21c0
 *(.eh_frame)
 .eh_frame      0x00000000000107e4       0x74 init/main.o
 .eh_frame      0x0000000000010858      0xd00 kernel/kernel.o
                                        0xe38 (size before relaxing)
 .eh_frame      0x0000000000011558      0x1a8 mm/mm.o
                                        0x1c0 (size before relaxing)
 .eh_frame      0x0000000000011700      0xf0c fs/fs.o
                                       0x10bc (size before relaxing)
 .eh_frame      0x000000000001260c       0x1c lib/lib.a(_exit.o)
                                         0x34 (size before relaxing)
 .eh_frame      0x0000000000012628       0x20 lib/lib.a(open.o)
                                         0x38 (size before relaxing)
 .eh_frame      0x0000000000012648       0x1c lib/lib.a(close.o)
                                         0x34 (size before relaxing)
 .eh_frame      0x0000000000012664       0x40 lib/lib.a(write.o)
                                         0x58 (size before relaxing)
 .eh_frame      0x00000000000126a4       0x1c lib/lib.a(dup.o)
                                         0x34 (size before relaxing)
 .eh_frame      0x00000000000126c0       0x14 lib/lib.a(setsid.o)
                                         0x2c (size before relaxing)
 .eh_frame      0x00000000000126d4       0x20 lib/lib.a(execve.o)
                                         0x38 (size before relaxing)
 .eh_frame      0x00000000000126f4       0x54 lib/lib.a(wait.o)
                                         0x6c (size before relaxing)
 .eh_frame      0x0000000000012748      0x25c lib/lib.a(string.o)
                                        0x274 (size before relaxing)

.gcc_except_table
 *(.gcc_except_table .gcc_except_table.*)

.exception_ranges
 *(.exception_ranges .exception_ranges*)
                0x00000000000129a4                . = (ALIGN (0x1000) - ((0x1000 - .) & 0xfff))
                0x0000000000013000                . = DATA_SEGMENT_ALIGN (0x1000, 0x1000)

.eh_frame
 *(.eh_frame)

.gcc_except_table
 *(.gcc_except_table .gcc_except_table.*)

.exception_ranges
 *(.exception_ranges .exception_ranges*)

.tdata
 *(.tdata .tdata.* .gnu.linkonce.td.*)

.tbss
 *(.tbss .tbss.* .gnu.linkonce.tb.*)
 *(.tcommon)

.preinit_array  0x0000000000013000        0x0
                0x0000000000013000                PROVIDE (__preinit_array_start, .)
 *(.preinit_array)
                0x0000000000013000                PROVIDE (__preinit_array_end, .)

.init_array     0x0000000000013000        0x0
                0x0000000000013000                PROVIDE (__init_array_start, .)
 *(SORT(.init_array.*) SORT(.ctors.*))
 *(.init_array)
 *(EXCLUDE_FILE(*crtend?.o *crtend.o *crtbegin?.o *crtbegin.o) .ctors)
                0x0000000000013000                PROVIDE (__init_array_end, .)

.fini_array     0x0000000000013000        0x0
                0x0000000000013000                PROVIDE (__fini_array_start, .)
 *(SORT(.fini_array.*) SORT(.dtors.*))
 *(.fini_array)
 *(EXCLUDE_FILE(*crtend?.o *crtend.o *crtbegin?.o *crtbegin.o) .dtors)
                0x0000000000013000                PROVIDE (__fini_array_end, .)

.ctors
 *crtbegin.o(.ctors)
 *crtbegin?.o(.ctors)
 *(EXCLUDE_FILE(*crtend?.o *crtend.o) .ctors)
 *(SORT(.ctors.*))
 *(.ctors)

.dtors
 *crtbegin.o(.dtors)
 *crtbegin?.o(.dtors)
 *(EXCLUDE_FILE(*crtend?.o *crtend.o) .dtors)
 *(SORT(.dtors.*))
 *(.dtors)

.jcr
 *(.jcr)

.data.rel.ro
 *(.data.rel.ro.local* .gnu.linkonce.d.rel.ro.local.*)
 *(.data.rel.ro* .gnu.linkonce.d.rel.ro.*)

.dynamic
 *(.dynamic)

.got
 *(.got)
 *(.igot)
                0x0000000000013000                . = DATA_SEGMENT_RELRO_END (., 0xc)

.got.plt        0x0000000000013000        0x0
 *(.got.plt)
 *(.igot.plt)
 .igot.plt      0x0000000000000000        0x0 boot/head.o

.data           0x0000000000013000     0x3e64
 *(.data .data.* .gnu.linkonce.d.*)
 .data          0x0000000000013000        0x0 boot/head.o
 .data          0x0000000000013000       0x18 init/main.o
 *fill*         0x0000000000013018        0x8 00
 .data          0x0000000000013020     0x3d2c kernel/kernel.o
                0x0000000000013020                stack_start
                0x0000000000013040                task
                0x0000000000013140                current
                0x0000000000013160                sys_call_table
                0x0000000000014660                table_list
                0x0000000000014680                tty_table
 .data          0x0000000000016d4c        0x0 mm/mm.o
 .data          0x0000000000016d4c        0x4 fs/fs.o
                0x0000000000016d4c                start_buffer
 *fill*         0x0000000000016d50       0x10 00
 .data          0x0000000000016d60      0x101 lib/lib.a(ctype.o)
                0x0000000000016d60                _ctype
 *fill*         0x0000000000016e61        0x3 00
 .data          0x0000000000016e64        0x0 lib/lib.a(_exit.o)
 .data          0x0000000000016e64        0x0 lib/lib.a(open.o)
 .data          0x0000000000016e64        0x0 lib/lib.a(close.o)
 .data          0x0000000000016e64        0x0 lib/lib.a(errno.o)
 .data          0x0000000000016e64        0x0 lib/lib.a(write.o)
 .data          0x0000000000016e64        0x0 lib/lib.a(dup.o)
 .data          0x0000000000016e64        0x0 lib/lib.a(setsid.o)
 .data          0x0000000000016e64        0x0 lib/lib.a(execve.o)
 .data          0x0000000000016e64        0x0 lib/lib.a(wait.o)
 .data          0x0000000000016e64        0x0 lib/lib.a(string.o)

.data1
 *(.data1)
                0x0000000000016e64                _edata = .
                0x0000000000016e64                PROVIDE (edata, .)
                0x0000000000016e64                __bss_start = .

.bss            0x0000000000016e80     0x3d2c
 *(.dynbss)
 *(.bss .bss.* .gnu.linkonce.b.*)
 .bss           0x0000000000016e80        0x0 boot/head.o
 .bss           0x0000000000016e80      0x400 init/main.o
 .bss           0x0000000000017280      0x9cc kernel/kernel.o
                0x0000000000017280                last_task_used_math
                0x0000000000017284                startup_time
                0x0000000000017288                jiffies
                0x000000000001728c                last_pid
                0x0000000000017740                do_hd
 *fill*         0x0000000000017c4c       0x14 00
 .bss           0x0000000000017c60      0xc00 mm/mm.o
 .bss           0x0000000000018860      0x710 fs/fs.o
                0x0000000000018860                inode_table
                0x0000000000018f64                nr_buffers
 .bss           0x0000000000018f70        0x0 lib/lib.a(ctype.o)
 .bss           0x0000000000018f70        0x0 lib/lib.a(_exit.o)
 .bss           0x0000000000018f70        0x0 lib/lib.a(open.o)
 .bss           0x0000000000018f70        0x0 lib/lib.a(close.o)
 .bss           0x0000000000018f70        0x0 lib/lib.a(errno.o)
 .bss           0x0000000000018f70        0x0 lib/lib.a(write.o)
 .bss           0x0000000000018f70        0x0 lib/lib.a(dup.o)
 .bss           0x0000000000018f70        0x0 lib/lib.a(setsid.o)
 .bss           0x0000000000018f70        0x0 lib/lib.a(execve.o)
 .bss           0x0000000000018f70        0x0 lib/lib.a(wait.o)
 .bss           0x0000000000018f70        0x0 lib/lib.a(string.o)
 *(COMMON)
 *fill*         0x0000000000018f70       0x10 00
 COMMON         0x0000000000018f80     0x1000 kernel/kernel.o
                0x0000000000018f80                user_stack
 COMMON         0x0000000000019f80      0xc20 fs/fs.o
                0x0000000000019f80                hash_table
                0x000000000001a460                super_block
                0x000000000001a7a0                file_table
 COMMON         0x000000000001aba0        0x1 lib/lib.a(ctype.o)
                0x000000000001aba0                _ctmp
 *fill*         0x000000000001aba1        0x3 00
 COMMON         0x000000000001aba4        0x4 lib/lib.a(errno.o)
                0x000000000001aba4                errno
 COMMON         0x000000000001aba8        0x4 lib/lib.a(string.o)
                0x000000000001aba8                ___strtok
                0x000000000001abac                . = ALIGN ((. != 0x0)?0x4:0x1)
                0x000000000001abac                . = ALIGN (0x4)
                0x000000000001abac                . = ALIGN (0x4)
                0x000000000001abac                _end = .
                0x000000000001abac                PROVIDE (end, .)
                0x000000000001abac                . = DATA_SEGMENT_END (.)

.stab
 *(.stab)

.stabstr
 *(.stabstr)

.stab.excl
 *(.stab.excl)

.stab.exclstr
 *(.stab.exclstr)

.stab.index
 *(.stab.index)

.stab.indexstr
 *(.stab.indexstr)

.comment        0x0000000000000000       0x2a
 *(.comment)
 .comment       0x0000000000000000       0x2a init/main.o
                                         0x2b (size before relaxing)
 .comment       0x0000000000000000      0x22f kernel/kernel.o
 .comment       0x0000000000000000       0x2b mm/mm.o
 .comment       0x0000000000000000      0x331 fs/fs.o
 .comment       0x0000000000000000       0x2b lib/lib.a(ctype.o)
 .comment       0x0000000000000000       0x2b lib/lib.a(_exit.o)
 .comment       0x0000000000000000       0x2b lib/lib.a(open.o)
 .comment       0x0000000000000000       0x2b lib/lib.a(close.o)
 .comment       0x0000000000000000       0x2b lib/lib.a(errno.o)
 .comment       0x0000000000000000       0x2b lib/lib.a(write.o)
 .comment       0x0000000000000000       0x2b lib/lib.a(dup.o)
 .comment       0x0000000000000000       0x2b lib/lib.a(setsid.o)
 .comment       0x0000000000000000       0x2b lib/lib.a(execve.o)
 .comment       0x0000000000000000       0x2b lib/lib.a(wait.o)
 .comment       0x0000000000000000       0x2b lib/lib.a(string.o)

.debug
 *(.debug)

.line
 *(.line)

.debug_srcinfo
 *(.debug_srcinfo)

.debug_sfnames
 *(.debug_sfnames)

.debug_aranges  0x0000000000000000      0x540
 *(.debug_aranges)
 .debug_aranges
                0x0000000000000000       0x20 init/main.o
 .debug_aranges
                0x0000000000000020      0x1a0 kernel/kernel.o
 .debug_aranges
                0x00000000000001c0       0x20 mm/mm.o
 .debug_aranges
                0x00000000000001e0      0x240 fs/fs.o
 .debug_aranges
                0x0000000000000420       0x20 lib/lib.a(_exit.o)
 .debug_aranges
                0x0000000000000440       0x20 lib/lib.a(open.o)
 .debug_aranges
                0x0000000000000460       0x20 lib/lib.a(close.o)
 .debug_aranges
                0x0000000000000480       0x20 lib/lib.a(write.o)
 .debug_aranges
                0x00000000000004a0       0x20 lib/lib.a(dup.o)
 .debug_aranges
                0x00000000000004c0       0x20 lib/lib.a(setsid.o)
 .debug_aranges
                0x00000000000004e0       0x20 lib/lib.a(execve.o)
 .debug_aranges
                0x0000000000000500       0x20 lib/lib.a(wait.o)
 .debug_aranges
                0x0000000000000520       0x20 lib/lib.a(string.o)

.debug_pubnames
 *(.debug_pubnames)

.debug_info     0x0000000000000000    0x1a475
 *(.debug_info .gnu.linkonce.wi.*)
 .debug_info    0x0000000000000000      0xcde init/main.o
 .debug_info    0x0000000000000cde     0x876c kernel/kernel.o
 .debug_info    0x000000000000944a      0x4d6 mm/mm.o
 .debug_info    0x0000000000009920     0xe3d2 fs/fs.o
 .debug_info    0x0000000000017cf2       0x70 lib/lib.a(ctype.o)
 .debug_info    0x0000000000017d62      0x3af lib/lib.a(_exit.o)
 .debug_info    0x0000000000018111      0x403 lib/lib.a(open.o)
 .debug_info    0x0000000000018514      0x3ce lib/lib.a(close.o)
 .debug_info    0x00000000000188e2       0x3f lib/lib.a(errno.o)
 .debug_info    0x0000000000018921      0x457 lib/lib.a(write.o)
 .debug_info    0x0000000000018d78      0x3ce lib/lib.a(dup.o)
 .debug_info    0x0000000000019146      0x3cb lib/lib.a(setsid.o)
 .debug_info    0x0000000000019511      0x3fc lib/lib.a(execve.o)
 .debug_info    0x000000000001990d      0x463 lib/lib.a(wait.o)
 .debug_info    0x0000000000019d70      0x705 lib/lib.a(string.o)

.debug_abbrev   0x0000000000000000     0x4409
 *(.debug_abbrev)
 .debug_abbrev  0x0000000000000000      0x1d7 init/main.o
 .debug_abbrev  0x00000000000001d7     0x17c0 kernel/kernel.o
 .debug_abbrev  0x0000000000001997      0x1af mm/mm.o
 .debug_abbrev  0x0000000000001b46     0x212e fs/fs.o
 .debug_abbrev  0x0000000000003c74       0x42 lib/lib.a(ctype.o)
 .debug_abbrev  0x0000000000003cb6       0xa3 lib/lib.a(_exit.o)
 .debug_abbrev  0x0000000000003d59       0xdc lib/lib.a(open.o)
 .debug_abbrev  0x0000000000003e35       0xb4 lib/lib.a(close.o)
 .debug_abbrev  0x0000000000003ee9       0x30 lib/lib.a(errno.o)
 .debug_abbrev  0x0000000000003f19       0xd7 lib/lib.a(write.o)
 .debug_abbrev  0x0000000000003ff0       0xb4 lib/lib.a(dup.o)
 .debug_abbrev  0x00000000000040a4       0xb2 lib/lib.a(setsid.o)
 .debug_abbrev  0x0000000000004156       0xbb lib/lib.a(execve.o)
 .debug_abbrev  0x0000000000004211       0xd0 lib/lib.a(wait.o)
 .debug_abbrev  0x00000000000042e1      0x128 lib/lib.a(string.o)

.debug_line     0x0000000000000000     0x3559
 *(.debug_line)
 .debug_line    0x0000000000000000      0x11e init/main.o
 .debug_line    0x000000000000011e     0x12b1 kernel/kernel.o
 .debug_line    0x00000000000013cf      0x122 mm/mm.o
 .debug_line    0x00000000000014f1     0x1b86 fs/fs.o
 .debug_line    0x0000000000003077       0x28 lib/lib.a(ctype.o)
 .debug_line    0x000000000000309f       0x50 lib/lib.a(_exit.o)
 .debug_line    0x00000000000030ef       0x76 lib/lib.a(open.o)
 .debug_line    0x0000000000003165       0x6e lib/lib.a(close.o)
 .debug_line    0x00000000000031d3       0x28 lib/lib.a(errno.o)
 .debug_line    0x00000000000031fb       0x9b lib/lib.a(write.o)
 .debug_line    0x0000000000003296       0x6c lib/lib.a(dup.o)
 .debug_line    0x0000000000003302       0x88 lib/lib.a(setsid.o)
 .debug_line    0x000000000000338a       0x73 lib/lib.a(execve.o)
 .debug_line    0x00000000000033fd       0x9b lib/lib.a(wait.o)
 .debug_line    0x0000000000003498       0xc1 lib/lib.a(string.o)

.debug_frame
 *(.debug_frame)

.debug_str      0x0000000000000000     0x1a64
 *(.debug_str)
 .debug_str     0x0000000000000000      0x418 init/main.o
                                        0x4c5 (size before relaxing)
 .debug_str     0x0000000000000418      0xac6 kernel/kernel.o
                                       0x3284 (size before relaxing)
 .debug_str     0x0000000000000ede      0x13b mm/mm.o
                                        0x1d6 (size before relaxing)
 .debug_str     0x0000000000001019      0x964 fs/fs.o
                                       0x5617 (size before relaxing)
 .debug_str     0x000000000000197d       0x3b lib/lib.a(ctype.o)
                                         0x7b (size before relaxing)
 .debug_str     0x00000000000019b8        0x8 lib/lib.a(_exit.o)
                                        0x299 (size before relaxing)
 .debug_str     0x0000000000000000        0x8 lib/lib.a(open.o)
                                        0x2a9 (size before relaxing)
 .debug_str     0x00000000000019c0        0x8 lib/lib.a(close.o)
                                        0x29b (size before relaxing)
 .debug_str     0x00000000000019c8        0x8 lib/lib.a(errno.o)
                                         0x4d (size before relaxing)
 .debug_str     0x0000000000000000        0x8 lib/lib.a(write.o)
                                        0x2bd (size before relaxing)
 .debug_str     0x00000000000019d0        0x6 lib/lib.a(dup.o)
                                        0x293 (size before relaxing)
 .debug_str     0x00000000000019d6        0x9 lib/lib.a(setsid.o)
                                        0x2a3 (size before relaxing)
 .debug_str     0x00000000000019df        0x9 lib/lib.a(execve.o)
                                        0x2ac (size before relaxing)
 .debug_str     0x00000000000019e8       0x11 lib/lib.a(wait.o)
                                        0x2bf (size before relaxing)
 .debug_str     0x00000000000019f9       0x6b lib/lib.a(string.o)
                                        0x101 (size before relaxing)

.debug_loc      0x0000000000000000     0xa6a8
 *(.debug_loc)
 .debug_loc     0x0000000000000000      0x256 init/main.o
 .debug_loc     0x0000000000000256     0x3461 kernel/kernel.o
 .debug_loc     0x00000000000036b7      0x640 mm/mm.o
 .debug_loc     0x0000000000003cf7     0x6348 fs/fs.o
 .debug_loc     0x000000000000a03f       0x2c lib/lib.a(_exit.o)
 .debug_loc     0x000000000000a06b       0x3f lib/lib.a(open.o)
 .debug_loc     0x000000000000a0aa       0x3f lib/lib.a(close.o)
 .debug_loc     0x000000000000a0e9       0xae lib/lib.a(write.o)
 .debug_loc     0x000000000000a197       0x3f lib/lib.a(dup.o)
 .debug_loc     0x000000000000a1d6       0x13 lib/lib.a(setsid.o)
 .debug_loc     0x000000000000a1e9       0x57 lib/lib.a(execve.o)
 .debug_loc     0x000000000000a240       0xc2 lib/lib.a(wait.o)
 .debug_loc     0x000000000000a302      0x3a6 lib/lib.a(string.o)

.debug_macinfo
 *(.debug_macinfo)

.debug_weaknames
 *(.debug_weaknames)

.debug_funcnames
 *(.debug_funcnames)

.debug_typenames
 *(.debug_typenames)

.debug_varnames
 *(.debug_varnames)

.debug_pubtypes
 *(.debug_pubtypes)

.debug_ranges   0x0000000000000000      0x428
 *(.debug_ranges)
 .debug_ranges  0x0000000000000000      0x120 kernel/kernel.o
 .debug_ranges  0x0000000000000120      0x308 fs/fs.o

.gnu.attributes
 *(.gnu.attributes)

/DISCARD/
 *(.note.GNU-stack)
 *(.gnu_debuglink)
 *(.gnu.lto_*)
OUTPUT(tools/system elf32-i386)
