Archive member included because of file (symbol)

lib/lib.a(ctype.o)            kernel/kernel.o (_ctype)
lib/lib.a(_exit.o)            init/main.o (_exit)
lib/lib.a(open.o)             init/main.o (open)
lib/lib.a(close.o)            init/main.o (close)
lib/lib.a(errno.o)            init/main.o (errno)
lib/lib.a(write.o)            init/main.o (write)
lib/lib.a(dup.o)              init/main.o (dup)
lib/lib.a(setsid.o)           init/main.o (setsid)
lib/lib.a(execve.o)           init/main.o (execve)
lib/lib.a(wait.o)             init/main.o (wait)
lib/lib.a(string.o)           kernel/kernel.o (memcpy)

Allocating common symbols
Common symbol       size              file

errno               0x4               lib/lib.a(errno.o)
hash_table          0x4cc             fs/fs.o
___strtok           0x4               lib/lib.a(string.o)
user_stack          0x1000            kernel/kernel.o
_ctmp               0x1               lib/lib.a(ctype.o)
super_block         0x340             fs/fs.o
file_table          0x400             fs/fs.o

Discarded input sections

 .note.GNU-stack
                0x0000000000000000        0x0 init/main.o
 .note.GNU-stack
                0x0000000000000000        0x0 kernel/kernel.o
 .note.GNU-stack
                0x0000000000000000        0x0 mm/mm.o
 .note.GNU-stack
                0x0000000000000000        0x0 fs/fs.o
 .note.GNU-stack
                0x0000000000000000        0x0 lib/lib.a(ctype.o)
 .note.GNU-stack
                0x0000000000000000        0x0 lib/lib.a(_exit.o)
 .note.GNU-stack
                0x0000000000000000        0x0 lib/lib.a(open.o)
 .note.GNU-stack
                0x0000000000000000        0x0 lib/lib.a(close.o)
 .note.GNU-stack
                0x0000000000000000        0x0 lib/lib.a(errno.o)
 .note.GNU-stack
                0x0000000000000000        0x0 lib/lib.a(write.o)
 .note.GNU-stack
                0x0000000000000000        0x0 lib/lib.a(dup.o)
 .note.GNU-stack
                0x0000000000000000        0x0 lib/lib.a(setsid.o)
 .note.GNU-stack
                0x0000000000000000        0x0 lib/lib.a(execve.o)
 .note.GNU-stack
                0x0000000000000000        0x0 lib/lib.a(wait.o)
 .note.GNU-stack
                0x0000000000000000        0x0 lib/lib.a(string.o)

Memory Configuration

Name             Origin             Length             Attributes
*default*        0x0000000000000000 0xffffffffffffffff

Linker script and memory map

Address of section .text set to 0x0
LOAD boot/head.o
LOAD init/main.o
LOAD kernel/kernel.o
LOAD mm/mm.o
LOAD fs/fs.o
LOAD lib/lib.a
                0x0000000008048000                PROVIDE (__executable_start, 0x8048000)
                0x0000000008048094                . = (0x8048000 + SIZEOF_HEADERS)

.interp
 *(.interp)

.note.gnu.build-id
 *(.note.gnu.build-id)

.hash
 *(.hash)

.gnu.hash
 *(.gnu.hash)

.dynsym
 *(.dynsym)

.dynstr
 *(.dynstr)

.gnu.version
 *(.gnu.version)

.gnu.version_d
 *(.gnu.version_d)

.gnu.version_r
 *(.gnu.version_r)

.rel.dyn        0x0000000008048094        0x0
 *(.rel.init)
 *(.rel.text .rel.text.* .rel.gnu.linkonce.t.*)
 .rel.text      0x0000000000000000        0x0 boot/head.o
 *(.rel.fini)
 *(.rel.rodata .rel.rodata.* .rel.gnu.linkonce.r.*)
 *(.rel.data.rel.ro* .rel.gnu.linkonce.d.rel.ro.*)
 *(.rel.data .rel.data.* .rel.gnu.linkonce.d.*)
 .rel.data      0x0000000000000000        0x0 boot/head.o
 *(.rel.tdata .rel.tdata.* .rel.gnu.linkonce.td.*)
 *(.rel.tbss .rel.tbss.* .rel.gnu.linkonce.tb.*)
 *(.rel.ctors)
 *(.rel.dtors)
 *(.rel.got)
 *(.rel.bss .rel.bss.* .rel.gnu.linkonce.b.*)
 *(.rel.ifunc)

.rel.plt        0x0000000008048094        0x0
 *(.rel.plt)
                0x0000000008048094                PROVIDE (__rel_iplt_start, .)
 *(.rel.iplt)
 .rel.iplt      0x0000000000000000        0x0 boot/head.o
                0x0000000008048094                PROVIDE (__rel_iplt_end, .)

.init
 *(.init)

.plt            0x00000000080480a0        0x0
 *(.plt)
 *(.iplt)
 .iplt          0x0000000000000000        0x0 boot/head.o

.text           0x0000000000000000     0xf5c5
 *(.text.unlikely .text.*_unlikely)
 *(.text.exit .text.exit.*)
 *(.text.startup .text.startup.*)
 *(.text.hot .text.hot.*)
 *(.text .stub .text.* .gnu.linkonce.t.*)
 .text          0x0000000000000000     0x5078 boot/head.o
                0x0000000000000000                startup_32
                0x0000000000000000                pg_dir
                0x0000000000004078                idt
                0x0000000000004878                gdt
 *fill*         0x0000000000005078        0x8 90909090
 .text          0x0000000000005080      0x370 init/main.o
                0x00000000000050c1                init
                0x0000000000005232                main
 .text          0x00000000000053f0     0x47b7 kernel/kernel.o
                0x00000000000053f0                sys_alarm
                0x0000000000005417                sys_getpid
                0x0000000000005423                sys_getppid
                0x000000000000542f                sys_getuid
                0x000000000000543c                sys_geteuid
                0x0000000000005449                sys_getgid
                0x0000000000005456                sys_getegid
                0x0000000000005463                sys_nice
                0x000000000000547c                sys_signal
                0x00000000000054b9                math_state_restore
                0x00000000000054f0                schedule
                0x00000000000055e1                sys_pause
                0x00000000000055f7                sleep_on
                0x0000000000005651                interruptible_sleep_on
                0x00000000000056bb                wake_up
                0x00000000000056d7                do_timer
                0x000000000000571d                sched_init
                0x0000000000005844                system_call
                0x0000000000005936                timer_interrupt
                0x000000000000596e                sys_execve
                0x000000000000597c                sys_fork
                0x0000000000005994                hd_interrupt
                0x0000000000005b41                do_double_fault
                0x0000000000005b5a                do_general_protection
                0x0000000000005b73                do_divide_error
                0x0000000000005b8c                do_int3
                0x0000000000005c44                do_nmi
                0x0000000000005c5d                do_debug
                0x0000000000005c76                do_overflow
                0x0000000000005c8f                do_bounds
                0x0000000000005ca8                do_invalid_op
                0x0000000000005cc1                do_device_not_available
                0x0000000000005cda                do_coprocessor_segment_overrun
                0x0000000000005cf3                do_invalid_TSS
                0x0000000000005d0c                do_segment_not_present
                0x0000000000005d25                do_stack_segment
                0x0000000000005d3e                do_coprocessor_error
                0x0000000000005d57                do_reserved
                0x0000000000005d70                trap_init
                0x0000000000005f2c                divide_error
                0x0000000000005f61                debug
                0x0000000000005f68                nmi
                0x0000000000005f6f                int3
                0x0000000000005f76                overflow
                0x0000000000005f7d                bounds
                0x0000000000005f84                invalid_op
                0x0000000000005f93                device_not_available
                0x0000000000005fc0                coprocessor_segment_overrun
                0x0000000000005fca                reserved
                0x0000000000005fd4                coprocessor_error
                0x0000000000005fde                double_fault
                0x0000000000006015                invalid_TSS
                0x000000000000601c                segment_not_present
                0x0000000000006023                stack_segment
                0x000000000000602a                general_protection
                0x0000000000006034                verify_area
                0x0000000000006099                copy_mem
                0x000000000000618f                copy_process
                0x000000000000641e                find_empty_process
                0x0000000000006480                panic
                0x000000000000649c                printk
                0x0000000000006726                vsprintf
                0x0000000000006a90                tty_init
                0x0000000000006aa1                tty_intr
                0x0000000000006ae6                copy_to_cooked
                0x0000000000006d78                tty_read
                0x000000000000703c                tty_write
                0x0000000000007219                do_tty_interrupt
                0x0000000000007445                csi_m
                0x00000000000074a0                prikazi_root_velicinu
                0x0000000000007550                con_write
                0x0000000000007eba                con_init
                0x0000000000007f43                keyboard_interrupt
                0x0000000000008718                rs1_interrupt
                0x0000000000008720                rs2_interrupt
                0x0000000000008e89                rw_hd
                0x0000000000008f32                sys_setup
                0x0000000000009031                unexpected_hd_interrupt
                0x0000000000009044                hd_init
                0x00000000000090b4                sys_ftime
                0x00000000000090ba                sys_mknod
                0x00000000000090c0                sys_break
                0x00000000000090c6                sys_mount
                0x00000000000090cc                sys_umount
                0x00000000000090d2                sys_ustat
                0x00000000000090d8                sys_ptrace
                0x00000000000090de                sys_stty
                0x00000000000090e4                sys_gtty
                0x00000000000090ea                sys_rename
                0x00000000000090f0                sys_prof
                0x00000000000090f6                sys_setgid
                0x0000000000009153                sys_acct
                0x0000000000009159                sys_phys
                0x000000000000915f                sys_lock
                0x0000000000009165                sys_mpx
                0x000000000000916b                sys_ulimit
                0x0000000000009171                sys_time
                0x00000000000091c4                sys_setuid
                0x000000000000921d                sys_stime
                0x000000000000926a                sys_times
                0x00000000000092c3                sys_brk
                0x00000000000092f6                sys_setpgid
                0x000000000000936b                sys_getpgrp
                0x0000000000009377                sys_setsid
                0x00000000000093cc                sys_oldolduname
                0x00000000000093e4                sys_uname
                0x0000000000009431                sys_umask
                0x000000000000944f                sys_null
                0x0000000000009480                release
                0x00000000000094da                do_kill
                0x0000000000009753                sys_kill
                0x0000000000009789                do_exit
                0x000000000000991c                sys_exit
                0x0000000000009937                sys_waitpid
                0x0000000000009abe                rs_init
                0x0000000000009b16                rs_write
                0x0000000000009b40                kernel_mktime
 *fill*         0x0000000000009ba7        0x1 90909090
 .text          0x0000000000009ba8      0x517 mm/mm.o
                0x0000000000009ba8                invalidate
                0x0000000000009bb1                copy_page
                0x0000000000009bd6                get_free_page
                0x0000000000009c0e                free_page
                0x0000000000009c6e                free_page_tables
                0x0000000000009d1e                copy_page_tables
                0x0000000000009e18                put_page
                0x0000000000009ec5                un_wp_page
                0x0000000000009f55                do_wp_page
                0x0000000000009f85                write_verify
                0x0000000000009fc4                do_no_page
                0x0000000000009ff4                calc_mem
                0x000000000000a088                page_fault
 *fill*         0x000000000000a0bf        0x1 90909090
 .text          0x000000000000a0c0     0x4f4c fs/fs.o
                0x000000000000a0c0                sys_utime
                0x000000000000a129                sys_access
                0x000000000000a1c0                sys_chdir
                0x000000000000a223                sys_chroot
                0x000000000000a286                sys_chmod
                0x000000000000a31b                sys_chown
                0x000000000000a382                sys_open
                0x000000000000a516                sys_creat
                0x000000000000a539                sys_close
                0x000000000000a5c0                sys_lseek
                0x000000000000a67c                sys_read
                0x000000000000a7d7                sys_write
                0x000000000000aceb                sync_inodes
                0x000000000000ad35                bmap
                0x000000000000ad4e                create_block
                0x000000000000ad67                iput
                0x000000000000ae55                get_empty_inode
                0x000000000000af43                get_pipe_inode
                0x000000000000af8a                iget
                0x000000000000b177                sys_sync
                0x000000000000b1df                brelse
                0x000000000000b231                get_hash_table
                0x000000000000b290                getblk
                0x000000000000b52f                bread
                0x000000000000b589                buffer_init
                0x000000000000b624                do_mount
                0x000000000000b82f                mount_root
                0x000000000000b980                block_write
                0x000000000000ba63                block_read
                0x000000000000bb3a                ll_rw_block
                0x000000000000bc03                rw_char
                0x000000000000bc74                file_read
                0x000000000000be1f                file_write
                0x000000000000c0be                sys_stat
                0x000000000000c103                sys_lstat
                0x000000000000c11e                sys_fstat
                0x000000000000c161                sys_stat64
                0x000000000000c1a6                sys_fstat64
                0x000000000000c1e9                sys_lstat64
                0x000000000000c204                sys_oldstat
                0x000000000000c21c                sys_oldfstat
                0x000000000000c364                cp_block
                0x000000000000c399                is_valid_elf
                0x000000000000c3de                read_file_block_ind
                0x000000000000c473                read_file_block
                0x000000000000c572                copy_section
                0x000000000000c660                create_bss_section
                0x000000000000c686                load_elf_binary
                0x000000000000c891                do_execve
                0x000000000000cd24                read_pipe
                0x000000000000cdbd                write_pipe
                0x000000000000ceb6                sys_pipe
                0x000000000000d4e9                namei
                0x000000000000d59f                open_namei
                0x000000000000d805                sys_mkdir
                0x000000000000daba                sys_rmdir
                0x000000000000de2c                sys_unlink
                0x000000000000dfc8                sys_link
                0x000000000000e170                free_block
                0x000000000000e2ab                new_block
                0x000000000000e42e                free_inode
                0x000000000000e55a                new_inode
                0x000000000000e73a                sys_dup2
                0x000000000000e75a                sys_dup
                0x000000000000e76a                sys_fcntl
                0x000000000000e827                sys_fcntl64
                0x000000000000e87c                sys_ioctl
                0x000000000000e919                tty_ioctl
                0x000000000000ebe5                truncate
                0x000000000000ecf0                sys_getdents
                0x000000000000ee7e                sys_getdents64
 .text          0x000000000000f00c        0x0 lib/lib.a(ctype.o)
 .text          0x000000000000f00c        0xe lib/lib.a(_exit.o)
                0x000000000000f00c                _exit
 *fill*         0x000000000000f01a        0x2 90909090
 .text          0x000000000000f01c       0x3d lib/lib.a(open.o)
                0x000000000000f01c                open
 *fill*         0x000000000000f059        0x3 90909090
 .text          0x000000000000f05c       0x23 lib/lib.a(close.o)
                0x000000000000f05c                close
 *fill*         0x000000000000f07f        0x1 90909090
 .text          0x000000000000f080        0x0 lib/lib.a(errno.o)
 .text          0x000000000000f080       0x3d lib/lib.a(write.o)
                0x000000000000f080                write
 *fill*         0x000000000000f0bd        0x3 90909090
 .text          0x000000000000f0c0       0x23 lib/lib.a(dup.o)
                0x000000000000f0c0                dup
 *fill*         0x000000000000f0e3        0x1 90909090
 .text          0x000000000000f0e4       0x1e lib/lib.a(setsid.o)
                0x000000000000f0e4                setsid
 *fill*         0x000000000000f102        0x2 90909090
 .text          0x000000000000f104       0x3d lib/lib.a(execve.o)
                0x000000000000f104                execve
 *fill*         0x000000000000f141        0x3 90909090
 .text          0x000000000000f144       0x60 lib/lib.a(wait.o)
                0x000000000000f144                waitpid
                0x000000000000f181                wait
 .text          0x000000000000f1a4      0x421 lib/lib.a(string.o)
                0x000000000000f1a4                strcpy
                0x000000000000f1cc                strncpy
                0x000000000000f1fd                strcat
                0x000000000000f232                strncat
                0x000000000000f271                strcmp
                0x000000000000f29f                strncmp
                0x000000000000f2d4                strchr
                0x000000000000f2f2                strrchr
                0x000000000000f313                strspn
                0x000000000000f360                strcspn
                0x000000000000f3ad                strpbrk
                0x000000000000f3f2                strstr
                0x000000000000f437                strlen
                0x000000000000f450                strtok
                0x000000000000f4e1                memcpy
                0x000000000000f507                memmove
                0x000000000000f555                memcmp
                0x000000000000f589                memchr
                0x000000000000f5af                memset
 *(.gnu.warning)

.fini
 *(.fini)
                0x000000000000f5c5                PROVIDE (__etext, .)
                0x000000000000f5c5                PROVIDE (_etext, .)
                0x000000000000f5c5                PROVIDE (etext, .)

.rodata         0x000000000000f5e0     0x1004
 *(.rodata .rodata.* .gnu.linkonce.r.*)
 .rodata.str1.1
                0x000000000000f5e0       0x68 init/main.o
 .rodata.str1.4
                0x000000000000f648       0x25 init/main.o
 *fill*         0x000000000000f66d       0x13 00
 .rodata        0x000000000000f680      0x270 kernel/kernel.o
 .rodata.str1.1
                0x000000000000f8f0      0x27f kernel/kernel.o
                                        0x28b (size before relaxing)
 *fill*         0x000000000000fb6f        0x1 00
 .rodata.str1.4
                0x000000000000fb70      0x1fc kernel/kernel.o
 .rodata.str1.4
                0x000000000000fd6c       0xe9 mm/mm.o
 .rodata.str1.1
                0x000000000000fe55       0x68 mm/mm.o
 *fill*         0x000000000000febd        0x3 00
 .rodata        0x000000000000fec0       0xc4 fs/fs.o
 .rodata.str1.1
                0x000000000000ff84      0x32c fs/fs.o
                                        0x332 (size before relaxing)
 .rodata.str1.4
                0x00000000000102b0      0x334 fs/fs.o

.rodata1
 *(.rodata1)

.eh_frame_hdr
 *(.eh_frame_hdr)

.eh_frame       0x00000000000105e4     0x2170
 *(.eh_frame)
 .eh_frame      0x00000000000105e4       0x74 init/main.o
 .eh_frame      0x0000000000010658      0xcec kernel/kernel.o
                                        0xe24 (size before relaxing)
 .eh_frame      0x0000000000011344      0x1a8 mm/mm.o
                                        0x1c0 (size before relaxing)
 .eh_frame      0x00000000000114ec      0xf0c fs/fs.o
                                       0x10bc (size before relaxing)
 .eh_frame      0x00000000000123f8       0x1c lib/lib.a(_exit.o)
                                         0x34 (size before relaxing)
 .eh_frame      0x0000000000012414       0x20 lib/lib.a(open.o)
                                         0x38 (size before relaxing)
 .eh_frame      0x0000000000012434       0x1c lib/lib.a(close.o)
                                         0x34 (size before relaxing)
 .eh_frame      0x0000000000012450       0x20 lib/lib.a(write.o)
                                         0x38 (size before relaxing)
 .eh_frame      0x0000000000012470       0x1c lib/lib.a(dup.o)
                                         0x34 (size before relaxing)
 .eh_frame      0x000000000001248c       0x14 lib/lib.a(setsid.o)
                                         0x2c (size before relaxing)
 .eh_frame      0x00000000000124a0       0x20 lib/lib.a(execve.o)
                                         0x38 (size before relaxing)
 .eh_frame      0x00000000000124c0       0x38 lib/lib.a(wait.o)
                                         0x50 (size before relaxing)
 .eh_frame      0x00000000000124f8      0x25c lib/lib.a(string.o)
                                        0x274 (size before relaxing)

.gcc_except_table
 *(.gcc_except_table .gcc_except_table.*)

.exception_ranges
 *(.exception_ranges .exception_ranges*)
                0x0000000000012754                . = (ALIGN (0x1000) - ((0x1000 - .) & 0xfff))
                0x0000000000013000                . = DATA_SEGMENT_ALIGN (0x1000, 0x1000)

.eh_frame
 *(.eh_frame)

.gcc_except_table
 *(.gcc_except_table .gcc_except_table.*)

.exception_ranges
 *(.exception_ranges .exception_ranges*)

.tdata
 *(.tdata .tdata.* .gnu.linkonce.td.*)

.tbss
 *(.tbss .tbss.* .gnu.linkonce.tb.*)
 *(.tcommon)

.preinit_array  0x0000000000013000        0x0
                0x0000000000013000                PROVIDE (__preinit_array_start, .)
 *(.preinit_array)
                0x0000000000013000                PROVIDE (__preinit_array_end, .)

.init_array     0x0000000000013000        0x0
                0x0000000000013000                PROVIDE (__init_array_start, .)
 *(SORT(.init_array.*) SORT(.ctors.*))
 *(.init_array)
 *(EXCLUDE_FILE(*crtend?.o *crtend.o *crtbegin?.o *crtbegin.o) .ctors)
                0x0000000000013000                PROVIDE (__init_array_end, .)

.fini_array     0x0000000000013000        0x0
                0x0000000000013000                PROVIDE (__fini_array_start, .)
 *(SORT(.fini_array.*) SORT(.dtors.*))
 *(.fini_array)
 *(EXCLUDE_FILE(*crtend?.o *crtend.o *crtbegin?.o *crtbegin.o) .dtors)
                0x0000000000013000                PROVIDE (__fini_array_end, .)

.ctors
 *crtbegin.o(.ctors)
 *crtbegin?.o(.ctors)
 *(EXCLUDE_FILE(*crtend?.o *crtend.o) .ctors)
 *(SORT(.ctors.*))
 *(.ctors)

.dtors
 *crtbegin.o(.dtors)
 *crtbegin?.o(.dtors)
 *(EXCLUDE_FILE(*crtend?.o *crtend.o) .dtors)
 *(SORT(.dtors.*))
 *(.dtors)

.jcr
 *(.jcr)

.data.rel.ro
 *(.data.rel.ro.local* .gnu.linkonce.d.rel.ro.local.*)
 *(.data.rel.ro* .gnu.linkonce.d.rel.ro.*)

.dynamic
 *(.dynamic)

.got
 *(.got)
 *(.igot)
                0x0000000000013000                . = DATA_SEGMENT_RELRO_END (., 0xc)

.got.plt        0x0000000000013000        0x0
 *(.got.plt)
 *(.igot.plt)
 .igot.plt      0x0000000000000000        0x0 boot/head.o

.data           0x0000000000013000     0x3e64
 *(.data .data.* .gnu.linkonce.d.*)
 .data          0x0000000000013000        0x0 boot/head.o
 .data          0x0000000000013000       0x18 init/main.o
 *fill*         0x0000000000013018        0x8 00
 .data          0x0000000000013020     0x3d2c kernel/kernel.o
                0x0000000000013020                stack_start
                0x0000000000013040                task
                0x0000000000013140                current
                0x0000000000013160                sys_call_table
                0x0000000000014660                prikaz
                0x0000000000014664                table_list
                0x0000000000014680                tty_table
 .data          0x0000000000016d4c        0x0 mm/mm.o
 .data          0x0000000000016d4c        0x4 fs/fs.o
                0x0000000000016d4c                start_buffer
 *fill*         0x0000000000016d50       0x10 00
 .data          0x0000000000016d60      0x101 lib/lib.a(ctype.o)
                0x0000000000016d60                _ctype
 *fill*         0x0000000000016e61        0x3 00
 .data          0x0000000000016e64        0x0 lib/lib.a(_exit.o)
 .data          0x0000000000016e64        0x0 lib/lib.a(open.o)
 .data          0x0000000000016e64        0x0 lib/lib.a(close.o)
 .data          0x0000000000016e64        0x0 lib/lib.a(errno.o)
 .data          0x0000000000016e64        0x0 lib/lib.a(write.o)
 .data          0x0000000000016e64        0x0 lib/lib.a(dup.o)
 .data          0x0000000000016e64        0x0 lib/lib.a(setsid.o)
 .data          0x0000000000016e64        0x0 lib/lib.a(execve.o)
 .data          0x0000000000016e64        0x0 lib/lib.a(wait.o)
 .data          0x0000000000016e64        0x0 lib/lib.a(string.o)

.data1
 *(.data1)
                0x0000000000016e64                _edata = .
                0x0000000000016e64                PROVIDE (edata, .)
                0x0000000000016e64                __bss_start = .

.bss            0x0000000000016e80     0x3d2c
 *(.dynbss)
 *(.bss .bss.* .gnu.linkonce.b.*)
 .bss           0x0000000000016e80        0x0 boot/head.o
 .bss           0x0000000000016e80      0x400 init/main.o
 .bss           0x0000000000017280      0x9cc kernel/kernel.o
                0x0000000000017280                last_task_used_math
                0x0000000000017284                startup_time
                0x0000000000017288                jiffies
                0x000000000001728c                last_pid
                0x0000000000017740                do_hd
 *fill*         0x0000000000017c4c       0x14 00
 .bss           0x0000000000017c60      0xc00 mm/mm.o
 .bss           0x0000000000018860      0x710 fs/fs.o
                0x0000000000018860                inode_table
                0x0000000000018f64                nr_buffers
 .bss           0x0000000000018f70        0x0 lib/lib.a(ctype.o)
 .bss           0x0000000000018f70        0x0 lib/lib.a(_exit.o)
 .bss           0x0000000000018f70        0x0 lib/lib.a(open.o)
 .bss           0x0000000000018f70        0x0 lib/lib.a(close.o)
 .bss           0x0000000000018f70        0x0 lib/lib.a(errno.o)
 .bss           0x0000000000018f70        0x0 lib/lib.a(write.o)
 .bss           0x0000000000018f70        0x0 lib/lib.a(dup.o)
 .bss           0x0000000000018f70        0x0 lib/lib.a(setsid.o)
 .bss           0x0000000000018f70        0x0 lib/lib.a(execve.o)
 .bss           0x0000000000018f70        0x0 lib/lib.a(wait.o)
 .bss           0x0000000000018f70        0x0 lib/lib.a(string.o)
 *(COMMON)
 *fill*         0x0000000000018f70       0x10 00
 COMMON         0x0000000000018f80     0x1000 kernel/kernel.o
                0x0000000000018f80                user_stack
 COMMON         0x0000000000019f80      0xc20 fs/fs.o
                0x0000000000019f80                hash_table
                0x000000000001a460                super_block
                0x000000000001a7a0                file_table
 COMMON         0x000000000001aba0        0x1 lib/lib.a(ctype.o)
                0x000000000001aba0                _ctmp
 *fill*         0x000000000001aba1        0x3 00
 COMMON         0x000000000001aba4        0x4 lib/lib.a(errno.o)
                0x000000000001aba4                errno
 COMMON         0x000000000001aba8        0x4 lib/lib.a(string.o)
                0x000000000001aba8                ___strtok
                0x000000000001abac                . = ALIGN ((. != 0x0)?0x4:0x1)
                0x000000000001abac                . = ALIGN (0x4)
                0x000000000001abac                . = ALIGN (0x4)
                0x000000000001abac                _end = .
                0x000000000001abac                PROVIDE (end, .)
                0x000000000001abac                . = DATA_SEGMENT_END (.)

.stab
 *(.stab)

.stabstr
 *(.stabstr)

.stab.excl
 *(.stab.excl)

.stab.exclstr
 *(.stab.exclstr)

.stab.index
 *(.stab.index)

.stab.indexstr
 *(.stab.indexstr)

.comment        0x0000000000000000       0x2a
 *(.comment)
 .comment       0x0000000000000000       0x2a init/main.o
                                         0x2b (size before relaxing)
 .comment       0x0000000000000000      0x22f kernel/kernel.o
 .comment       0x0000000000000000       0x2b mm/mm.o
 .comment       0x0000000000000000      0x331 fs/fs.o
 .comment       0x0000000000000000       0x2b lib/lib.a(ctype.o)
 .comment       0x0000000000000000       0x2b lib/lib.a(_exit.o)
 .comment       0x0000000000000000       0x2b lib/lib.a(open.o)
 .comment       0x0000000000000000       0x2b lib/lib.a(close.o)
 .comment       0x0000000000000000       0x2b lib/lib.a(errno.o)
 .comment       0x0000000000000000       0x2b lib/lib.a(write.o)
 .comment       0x0000000000000000       0x2b lib/lib.a(dup.o)
 .comment       0x0000000000000000       0x2b lib/lib.a(setsid.o)
 .comment       0x0000000000000000       0x2b lib/lib.a(execve.o)
 .comment       0x0000000000000000       0x2b lib/lib.a(wait.o)
 .comment       0x0000000000000000       0x2b lib/lib.a(string.o)

.debug
 *(.debug)

.line
 *(.line)

.debug_srcinfo
 *(.debug_srcinfo)

.debug_sfnames
 *(.debug_sfnames)

.debug_aranges  0x0000000000000000      0x540
 *(.debug_aranges)
 .debug_aranges
                0x0000000000000000       0x20 init/main.o
 .debug_aranges
                0x0000000000000020      0x1a0 kernel/kernel.o
 .debug_aranges
                0x00000000000001c0       0x20 mm/mm.o
 .debug_aranges
                0x00000000000001e0      0x240 fs/fs.o
 .debug_aranges
                0x0000000000000420       0x20 lib/lib.a(_exit.o)
 .debug_aranges
                0x0000000000000440       0x20 lib/lib.a(open.o)
 .debug_aranges
                0x0000000000000460       0x20 lib/lib.a(close.o)
 .debug_aranges
                0x0000000000000480       0x20 lib/lib.a(write.o)
 .debug_aranges
                0x00000000000004a0       0x20 lib/lib.a(dup.o)
 .debug_aranges
                0x00000000000004c0       0x20 lib/lib.a(setsid.o)
 .debug_aranges
                0x00000000000004e0       0x20 lib/lib.a(execve.o)
 .debug_aranges
                0x0000000000000500       0x20 lib/lib.a(wait.o)
 .debug_aranges
                0x0000000000000520       0x20 lib/lib.a(string.o)

.debug_pubnames
 *(.debug_pubnames)

.debug_info     0x0000000000000000    0x1a289
 *(.debug_info .gnu.linkonce.wi.*)
 .debug_info    0x0000000000000000      0xccf init/main.o
 .debug_info    0x0000000000000ccf     0x8720 kernel/kernel.o
 .debug_info    0x00000000000093ef      0x4d6 mm/mm.o
 .debug_info    0x00000000000098c5     0xe2d3 fs/fs.o
 .debug_info    0x0000000000017b98       0x70 lib/lib.a(ctype.o)
 .debug_info    0x0000000000017c08      0x3af lib/lib.a(_exit.o)
 .debug_info    0x0000000000017fb7      0x403 lib/lib.a(open.o)
 .debug_info    0x00000000000183ba      0x3ce lib/lib.a(close.o)
 .debug_info    0x0000000000018788       0x3f lib/lib.a(errno.o)
 .debug_info    0x00000000000187c7      0x400 lib/lib.a(write.o)
 .debug_info    0x0000000000018bc7      0x3ce lib/lib.a(dup.o)
 .debug_info    0x0000000000018f95      0x3cb lib/lib.a(setsid.o)
 .debug_info    0x0000000000019360      0x3fc lib/lib.a(execve.o)
 .debug_info    0x000000000001975c      0x428 lib/lib.a(wait.o)
 .debug_info    0x0000000000019b84      0x705 lib/lib.a(string.o)

.debug_abbrev   0x0000000000000000     0x438c
 *(.debug_abbrev)
 .debug_abbrev  0x0000000000000000      0x1d7 init/main.o
 .debug_abbrev  0x00000000000001d7     0x1743 kernel/kernel.o
 .debug_abbrev  0x000000000000191a      0x1af mm/mm.o
 .debug_abbrev  0x0000000000001ac9     0x212e fs/fs.o
 .debug_abbrev  0x0000000000003bf7       0x42 lib/lib.a(ctype.o)
 .debug_abbrev  0x0000000000003c39       0xa3 lib/lib.a(_exit.o)
 .debug_abbrev  0x0000000000003cdc       0xdc lib/lib.a(open.o)
 .debug_abbrev  0x0000000000003db8       0xb4 lib/lib.a(close.o)
 .debug_abbrev  0x0000000000003e6c       0x30 lib/lib.a(errno.o)
 .debug_abbrev  0x0000000000003e9c       0xd7 lib/lib.a(write.o)
 .debug_abbrev  0x0000000000003f73       0xb4 lib/lib.a(dup.o)
 .debug_abbrev  0x0000000000004027       0xb2 lib/lib.a(setsid.o)
 .debug_abbrev  0x00000000000040d9       0xbb lib/lib.a(execve.o)
 .debug_abbrev  0x0000000000004194       0xd0 lib/lib.a(wait.o)
 .debug_abbrev  0x0000000000004264      0x128 lib/lib.a(string.o)

.debug_line     0x0000000000000000     0x353f
 *(.debug_line)
 .debug_line    0x0000000000000000      0x11e init/main.o
 .debug_line    0x000000000000011e     0x12b1 kernel/kernel.o
 .debug_line    0x00000000000013cf      0x122 mm/mm.o
 .debug_line    0x00000000000014f1     0x1b86 fs/fs.o
 .debug_line    0x0000000000003077       0x28 lib/lib.a(ctype.o)
 .debug_line    0x000000000000309f       0x50 lib/lib.a(_exit.o)
 .debug_line    0x00000000000030ef       0x76 lib/lib.a(open.o)
 .debug_line    0x0000000000003165       0x6e lib/lib.a(close.o)
 .debug_line    0x00000000000031d3       0x28 lib/lib.a(errno.o)
 .debug_line    0x00000000000031fb       0x8c lib/lib.a(write.o)
 .debug_line    0x0000000000003287       0x6c lib/lib.a(dup.o)
 .debug_line    0x00000000000032f3       0x88 lib/lib.a(setsid.o)
 .debug_line    0x000000000000337b       0x73 lib/lib.a(execve.o)
 .debug_line    0x00000000000033ee       0x90 lib/lib.a(wait.o)
 .debug_line    0x000000000000347e       0xc1 lib/lib.a(string.o)

.debug_frame
 *(.debug_frame)

.debug_str      0x0000000000000000     0x1a4d
 *(.debug_str)
 .debug_str     0x0000000000000000      0x403 init/main.o
                                        0x4b0 (size before relaxing)
 .debug_str     0x0000000000000403      0xae2 kernel/kernel.o
                                       0x31da (size before relaxing)
 .debug_str     0x0000000000000ee5      0x131 mm/mm.o
                                        0x1cc (size before relaxing)
 .debug_str     0x0000000000001016      0x95a fs/fs.o
                                       0x549e (size before relaxing)
 .debug_str     0x0000000000001970       0x31 lib/lib.a(ctype.o)
                                         0x71 (size before relaxing)
 .debug_str     0x00000000000019a1        0x8 lib/lib.a(_exit.o)
                                        0x28f (size before relaxing)
 .debug_str     0x0000000000000000        0x8 lib/lib.a(open.o)
                                        0x29f (size before relaxing)
 .debug_str     0x00000000000019a9        0x8 lib/lib.a(close.o)
                                        0x291 (size before relaxing)
 .debug_str     0x00000000000019b1        0x8 lib/lib.a(errno.o)
                                         0x43 (size before relaxing)
 .debug_str     0x0000000000000000        0x8 lib/lib.a(write.o)
                                        0x29d (size before relaxing)
 .debug_str     0x00000000000019b9        0x6 lib/lib.a(dup.o)
                                        0x289 (size before relaxing)
 .debug_str     0x00000000000019bf        0x9 lib/lib.a(setsid.o)
                                        0x299 (size before relaxing)
 .debug_str     0x00000000000019c8        0x9 lib/lib.a(execve.o)
                                        0x2a2 (size before relaxing)
 .debug_str     0x00000000000019d1       0x11 lib/lib.a(wait.o)
                                        0x2af (size before relaxing)
 .debug_str     0x00000000000019e2       0x6b lib/lib.a(string.o)
                                         0xf7 (size before relaxing)

.debug_loc      0x0000000000000000     0xa688
 *(.debug_loc)
 .debug_loc     0x0000000000000000      0x256 init/main.o
 .debug_loc     0x0000000000000256     0x34cc kernel/kernel.o
 .debug_loc     0x0000000000003722      0x640 mm/mm.o
 .debug_loc     0x0000000000003d62     0x6353 fs/fs.o
 .debug_loc     0x000000000000a0b5       0x2c lib/lib.a(_exit.o)
 .debug_loc     0x000000000000a0e1       0x3f lib/lib.a(open.o)
 .debug_loc     0x000000000000a120       0x3f lib/lib.a(close.o)
 .debug_loc     0x000000000000a15f       0x57 lib/lib.a(write.o)
 .debug_loc     0x000000000000a1b6       0x3f lib/lib.a(dup.o)
 .debug_loc     0x000000000000a1f5       0x13 lib/lib.a(setsid.o)
 .debug_loc     0x000000000000a208       0x57 lib/lib.a(execve.o)
 .debug_loc     0x000000000000a25f       0x83 lib/lib.a(wait.o)
 .debug_loc     0x000000000000a2e2      0x3a6 lib/lib.a(string.o)

.debug_macinfo
 *(.debug_macinfo)

.debug_weaknames
 *(.debug_weaknames)

.debug_funcnames
 *(.debug_funcnames)

.debug_typenames
 *(.debug_typenames)

.debug_varnames
 *(.debug_varnames)

.debug_pubtypes
 *(.debug_pubtypes)

.debug_ranges   0x0000000000000000      0x428
 *(.debug_ranges)
 .debug_ranges  0x0000000000000000      0x120 kernel/kernel.o
 .debug_ranges  0x0000000000000120      0x308 fs/fs.o

.gnu.attributes
 *(.gnu.attributes)

/DISCARD/
 *(.note.GNU-stack)
 *(.gnu_debuglink)
 *(.gnu.lto_*)
OUTPUT(tools/system elf32-i386)
